Copyright 1986-2022 Xilinx, Inc. All Rights Reserved. Copyright 2022-2024 Advanced Micro Devices, Inc. All Rights Reserved.
---------------------------------------------------------------------------------------------------------------------------------------------
| Tool Version : Vivado v.2024.2 (win64) Build 5239630 Fri Nov 08 22:35:27 MST 2024
| Date         : Thu May 15 16:30:51 2025
| Host         : DESKTOP-R012G9C running 64-bit major release  (build 9200)
| Command      : report_control_sets -verbose -file VGA_Shapes_control_sets_placed.rpt
| Design       : VGA_Shapes
| Device       : xc7a100t
---------------------------------------------------------------------------------------------------------------------------------------------

Control Set Information

Table of Contents
-----------------
1. Summary
2. Histogram
3. Flip-Flop Distribution
4. Detailed Control Set Information

1. Summary
----------

+----------------------------------------------------------+-------+
|                          Status                          | Count |
+----------------------------------------------------------+-------+
| Total control sets                                       |     6 |
|    Minimum number of control sets                        |     6 |
|    Addition due to synthesis replication                 |     0 |
|    Addition due to physical synthesis replication        |     0 |
| Unused register locations in slices containing registers |    20 |
+----------------------------------------------------------+-------+
* Control sets can be merged at opt_design using control_set_merge or merge_equivalent_drivers
** Run report_qor_suggestions for automated merging and remapping suggestions


2. Histogram
------------

+--------------------+-------+
|       Fanout       | Count |
+--------------------+-------+
| Total control sets |     6 |
| >= 0 to < 4        |     1 |
| >= 4 to < 6        |     0 |
| >= 6 to < 8        |     0 |
| >= 8 to < 10       |     0 |
| >= 10 to < 12      |     2 |
| >= 12 to < 14      |     0 |
| >= 14 to < 16      |     1 |
| >= 16              |     2 |
+--------------------+-------+
* Control sets can be remapped at either synth_design or opt_design


3. Flip-Flop Distribution
-------------------------

+--------------+-----------------------+------------------------+-----------------+--------------+
| Clock Enable | Synchronous Set/Reset | Asynchronous Set/Reset | Total Registers | Total Slices |
+--------------+-----------------------+------------------------+-----------------+--------------+
| No           | No                    | No                     |              18 |           10 |
| No           | No                    | Yes                    |               0 |            0 |
| No           | Yes                   | No                     |              10 |            4 |
| Yes          | No                    | No                     |              10 |            4 |
| Yes          | No                    | Yes                    |               0 |            0 |
| Yes          | Yes                   | No                     |              62 |           16 |
+--------------+-----------------------+------------------------+-----------------+--------------+


4. Detailed Control Set Information
-----------------------------------

+---------------------+------------------------+----------------------+------------------+----------------+--------------+
|     Clock Signal    |      Enable Signal     |   Set/Reset Signal   | Slice Load Count | Bel Load Count | Bels / Slice |
+---------------------+------------------------+----------------------+------------------+----------------+--------------+
|  clk_IBUF_BUFG      |                        |                      |                1 |              3 |         3.00 |
|  clk25_reg_n_0_BUFG |                        | h_count[9]_i_1_n_0   |                4 |             10 |         2.50 |
|  clk25_reg_n_0_BUFG | h_count[9]_i_1_n_0     |                      |                4 |             10 |         2.50 |
|  clk25_reg_n_0_BUFG |                        |                      |                9 |             15 |         1.67 |
|  clk25_reg_n_0_BUFG | debounce_left/x_offset | debounce_reset/pulse |                8 |             31 |         3.88 |
|  clk25_reg_n_0_BUFG | debounce_up/y_offset   | debounce_reset/pulse |                8 |             31 |         3.88 |
+---------------------+------------------------+----------------------+------------------+----------------+--------------+


