Copyright 1986-2022 Xilinx, Inc. All Rights Reserved. Copyright 2022-2024 Advanced Micro Devices, Inc. All Rights Reserved.
---------------------------------------------------------------------------------------------------------------------------------------------------------------------------------------------------------------------------
| Tool Version : Vivado v.2024.2 (win64) Build 5239630 Fri Nov 08 22:35:27 MST 2024
| Date         : Thu May 15 16:31:22 2025
| Host         : DESKTOP-R012G9C running 64-bit major release  (build 9200)
| Command      : report_timing_summary -max_paths 10 -report_unconstrained -file VGA_Shapes_timing_summary_routed.rpt -pb VGA_Shapes_timing_summary_routed.pb -rpx VGA_Shapes_timing_summary_routed.rpx -warn_on_violation
| Design       : VGA_Shapes
| Device       : 7a100t-csg324
| Speed File   : -1  PRODUCTION 1.23 2018-06-13
| Design State : Routed
---------------------------------------------------------------------------------------------------------------------------------------------------------------------------------------------------------------------------

Timing Summary Report

------------------------------------------------------------------------------------------------
| Timer Settings
| --------------
------------------------------------------------------------------------------------------------

  Enable Multi Corner Analysis               :  Yes
  Enable Pessimism Removal                   :  Yes
  Pessimism Removal Resolution               :  Nearest Common Node
  Enable Input Delay Default Clock           :  No
  Enable Preset / Clear Arcs                 :  No
  Disable Flight Delays                      :  No
  Ignore I/O Paths                           :  No
  Timing Early Launch at Borrowing Latches   :  No
  Borrow Time for Max Delay Exceptions       :  Yes
  Merge Timing Exceptions                    :  Yes
  Inter-SLR Compensation                     :  Conservative

  Corner  Analyze    Analyze    
  Name    Max Paths  Min Paths  
  ------  ---------  ---------  
  Slow    Yes        Yes        
  Fast    Yes        Yes        


------------------------------------------------------------------------------------------------
| Report Methodology
| ------------------
------------------------------------------------------------------------------------------------

Rule       Severity          Description                  Violations  
---------  ----------------  ---------------------------  ----------  
TIMING-17  Critical Warning  Non-clocked sequential cell  97          
SYNTH-10   Warning           Wide multiplier              6           

Note: This report is based on the most recent report_methodology run and may not be up-to-date. Run report_methodology on the current design for the latest report.



check_timing report

Table of Contents
-----------------
1. checking no_clock (97)
2. checking constant_clock (0)
3. checking pulse_width_clock (0)
4. checking unconstrained_internal_endpoints (241)
5. checking no_input_delay (6)
6. checking no_output_delay (14)
7. checking multiple_clock (0)
8. checking generated_clocks (0)
9. checking loops (0)
10. checking partial_input_delay (0)
11. checking partial_output_delay (0)
12. checking latch_loops (0)

1. checking no_clock (97)
-------------------------
 There are 97 register/latch pins with no clock driven by root clock pin: clk25_reg/Q (HIGH)


2. checking constant_clock (0)
------------------------------
 There are 0 register/latch pins with constant_clock.


3. checking pulse_width_clock (0)
---------------------------------
 There are 0 register/latch pins which need pulse_width check


4. checking unconstrained_internal_endpoints (241)
--------------------------------------------------
 There are 241 pins that are not constrained for maximum delay. (HIGH)

 There are 0 pins that are not constrained for maximum delay due to constant clock.


5. checking no_input_delay (6)
------------------------------
 There are 6 input ports with no input delay specified. (HIGH)

 There are 0 input ports with no input delay but user has a false path constraint.


6. checking no_output_delay (14)
--------------------------------
 There are 14 ports with no output delay specified. (HIGH)

 There are 0 ports with no output delay but user has a false path constraint

 There are 0 ports with no output delay but with a timing clock defined on it or propagating through it


7. checking multiple_clock (0)
------------------------------
 There are 0 register/latch pins with multiple clocks.


8. checking generated_clocks (0)
--------------------------------
 There are 0 generated clocks that are not connected to a clock source.


9. checking loops (0)
---------------------
 There are 0 combinational loops in the design.


10. checking partial_input_delay (0)
------------------------------------
 There are 0 input ports with partial input delay specified.


11. checking partial_output_delay (0)
-------------------------------------
 There are 0 ports with partial output delay specified.


12. checking latch_loops (0)
----------------------------
 There are 0 combinational latch loops in the design through latch input



------------------------------------------------------------------------------------------------
| Design Timing Summary
| ---------------------
------------------------------------------------------------------------------------------------

    WNS(ns)      TNS(ns)  TNS Failing Endpoints  TNS Total Endpoints      WHS(ns)      THS(ns)  THS Failing Endpoints  THS Total Endpoints     WPWS(ns)     TPWS(ns)  TPWS Failing Endpoints  TPWS Total Endpoints  
    -------      -------  ---------------------  -------------------      -------      -------  ---------------------  -------------------     --------     --------  ----------------------  --------------------  
      8.396        0.000                      0                    3        0.247        0.000                      0                    3        4.500        0.000                       0                     4  


All user specified timing constraints are met.


------------------------------------------------------------------------------------------------
| Clock Summary
| -------------
------------------------------------------------------------------------------------------------

Clock        Waveform(ns)       Period(ns)      Frequency(MHz)
-----        ------------       ----------      --------------
sys_clk_pin  {0.000 5.000}      10.000          100.000         


------------------------------------------------------------------------------------------------
| Intra Clock Table
| -----------------
------------------------------------------------------------------------------------------------

Clock             WNS(ns)      TNS(ns)  TNS Failing Endpoints  TNS Total Endpoints      WHS(ns)      THS(ns)  THS Failing Endpoints  THS Total Endpoints     WPWS(ns)     TPWS(ns)  TPWS Failing Endpoints  TPWS Total Endpoints  
-----             -------      -------  ---------------------  -------------------      -------      -------  ---------------------  -------------------     --------     --------  ----------------------  --------------------  
sys_clk_pin         8.396        0.000                      0                    3        0.247        0.000                      0                    3        4.500        0.000                       0                     4  


------------------------------------------------------------------------------------------------
| Inter Clock Table
| -----------------
------------------------------------------------------------------------------------------------

From Clock    To Clock          WNS(ns)      TNS(ns)  TNS Failing Endpoints  TNS Total Endpoints      WHS(ns)      THS(ns)  THS Failing Endpoints  THS Total Endpoints  
----------    --------          -------      -------  ---------------------  -------------------      -------      -------  ---------------------  -------------------  


------------------------------------------------------------------------------------------------
| Other Path Groups Table
| -----------------------
------------------------------------------------------------------------------------------------

Path Group    From Clock    To Clock          WNS(ns)      TNS(ns)  TNS Failing Endpoints  TNS Total Endpoints      WHS(ns)      THS(ns)  THS Failing Endpoints  THS Total Endpoints  
----------    ----------    --------          -------      -------  ---------------------  -------------------      -------      -------  ---------------------  -------------------  


------------------------------------------------------------------------------------------------
| User Ignored Path Table
| -----------------------
------------------------------------------------------------------------------------------------

Path Group    From Clock    To Clock    
----------    ----------    --------    


------------------------------------------------------------------------------------------------
| Unconstrained Path Table
| ------------------------
------------------------------------------------------------------------------------------------

Path Group    From Clock    To Clock    
----------    ----------    --------    
(none)                                    


------------------------------------------------------------------------------------------------
| Timing Details
| --------------
------------------------------------------------------------------------------------------------


---------------------------------------------------------------------------------------------------
From Clock:  sys_clk_pin
  To Clock:  sys_clk_pin

Setup :            0  Failing Endpoints,  Worst Slack        8.396ns,  Total Violation        0.000ns
Hold  :            0  Failing Endpoints,  Worst Slack        0.247ns,  Total Violation        0.000ns
PW    :            0  Failing Endpoints,  Worst Slack        4.500ns,  Total Violation        0.000ns
---------------------------------------------------------------------------------------------------


Max Delay Paths
--------------------------------------------------------------------------------------
Slack (MET) :             8.396ns  (required time - arrival time)
  Source:                 clk_div_reg[0]/C
                            (rising edge-triggered cell FDRE clocked by sys_clk_pin  {rise@0.000ns fall@5.000ns period=10.000ns})
  Destination:            clk_div_reg[0]/D
                            (rising edge-triggered cell FDRE clocked by sys_clk_pin  {rise@0.000ns fall@5.000ns period=10.000ns})
  Path Group:             sys_clk_pin
  Path Type:              Setup (Max at Slow Process Corner)
  Requirement:            10.000ns  (sys_clk_pin rise@10.000ns - sys_clk_pin rise@0.000ns)
  Data Path Delay:        1.597ns  (logic 0.580ns (36.314%)  route 1.017ns (63.686%))
  Logic Levels:           1  (LUT1=1)
  Clock Path Skew:        0.000ns (DCD - SCD + CPR)
    Destination Clock Delay (DCD):    4.927ns = ( 14.927 - 10.000 ) 
    Source Clock Delay      (SCD):    5.228ns
    Clock Pessimism Removal (CPR):    0.301ns
  Clock Uncertainty:      0.035ns  ((TSJ^2 + TIJ^2)^1/2 + DJ) / 2 + PE
    Total System Jitter     (TSJ):    0.071ns
    Total Input Jitter      (TIJ):    0.000ns
    Discrete Jitter          (DJ):    0.000ns
    Phase Error              (PE):    0.000ns

    Location             Delay type                Incr(ns)  Path(ns)    Netlist Resource(s)
  -------------------------------------------------------------------    -------------------
                         (clock sys_clk_pin rise edge)
                                                      0.000     0.000 r  
    E3                                                0.000     0.000 r  clk (IN)
                         net (fo=0)                   0.000     0.000    clk
    E3                   IBUF (Prop_ibuf_I_O)         1.482     1.482 r  clk_IBUF_inst/O
                         net (fo=1, routed)           2.025     3.506    clk_IBUF
    BUFGCTRL_X0Y16       BUFG (Prop_bufg_I_O)         0.096     3.602 r  clk_IBUF_BUFG_inst/O
                         net (fo=3, routed)           1.625     5.228    clk_IBUF_BUFG
    SLICE_X52Y96         FDRE                                         r  clk_div_reg[0]/C
  -------------------------------------------------------------------    -------------------
    SLICE_X52Y96         FDRE (Prop_fdre_C_Q)         0.456     5.684 f  clk_div_reg[0]/Q
                         net (fo=2, routed)           1.017     6.701    clk_div_reg_n_0_[0]
    SLICE_X52Y96         LUT1 (Prop_lut1_I0_O)        0.124     6.825 r  clk_div[0]_i_1/O
                         net (fo=1, routed)           0.000     6.825    plusOp[0]
    SLICE_X52Y96         FDRE                                         r  clk_div_reg[0]/D
  -------------------------------------------------------------------    -------------------

                         (clock sys_clk_pin rise edge)
                                                     10.000    10.000 r  
    E3                                                0.000    10.000 r  clk (IN)
                         net (fo=0)                   0.000    10.000    clk
    E3                   IBUF (Prop_ibuf_I_O)         1.411    11.411 r  clk_IBUF_inst/O
                         net (fo=1, routed)           1.920    13.331    clk_IBUF
    BUFGCTRL_X0Y16       BUFG (Prop_bufg_I_O)         0.091    13.422 r  clk_IBUF_BUFG_inst/O
                         net (fo=3, routed)           1.504    14.927    clk_IBUF_BUFG
    SLICE_X52Y96         FDRE                                         r  clk_div_reg[0]/C
                         clock pessimism              0.301    15.228    
                         clock uncertainty           -0.035    15.192    
    SLICE_X52Y96         FDRE (Setup_fdre_C_D)        0.029    15.221    clk_div_reg[0]
  -------------------------------------------------------------------
                         required time                         15.221    
                         arrival time                          -6.825    
  -------------------------------------------------------------------
                         slack                                  8.396    

Slack (MET) :             8.416ns  (required time - arrival time)
  Source:                 clk_div_reg[0]/C
                            (rising edge-triggered cell FDRE clocked by sys_clk_pin  {rise@0.000ns fall@5.000ns period=10.000ns})
  Destination:            clk_div_reg[1]/D
                            (rising edge-triggered cell FDRE clocked by sys_clk_pin  {rise@0.000ns fall@5.000ns period=10.000ns})
  Path Group:             sys_clk_pin
  Path Type:              Setup (Max at Slow Process Corner)
  Requirement:            10.000ns  (sys_clk_pin rise@10.000ns - sys_clk_pin rise@0.000ns)
  Data Path Delay:        1.623ns  (logic 0.606ns (37.334%)  route 1.017ns (62.666%))
  Logic Levels:           1  (LUT2=1)
  Clock Path Skew:        0.000ns (DCD - SCD + CPR)
    Destination Clock Delay (DCD):    4.927ns = ( 14.927 - 10.000 ) 
    Source Clock Delay      (SCD):    5.228ns
    Clock Pessimism Removal (CPR):    0.301ns
  Clock Uncertainty:      0.035ns  ((TSJ^2 + TIJ^2)^1/2 + DJ) / 2 + PE
    Total System Jitter     (TSJ):    0.071ns
    Total Input Jitter      (TIJ):    0.000ns
    Discrete Jitter          (DJ):    0.000ns
    Phase Error              (PE):    0.000ns

    Location             Delay type                Incr(ns)  Path(ns)    Netlist Resource(s)
  -------------------------------------------------------------------    -------------------
                         (clock sys_clk_pin rise edge)
                                                      0.000     0.000 r  
    E3                                                0.000     0.000 r  clk (IN)
                         net (fo=0)                   0.000     0.000    clk
    E3                   IBUF (Prop_ibuf_I_O)         1.482     1.482 r  clk_IBUF_inst/O
                         net (fo=1, routed)           2.025     3.506    clk_IBUF
    BUFGCTRL_X0Y16       BUFG (Prop_bufg_I_O)         0.096     3.602 r  clk_IBUF_BUFG_inst/O
                         net (fo=3, routed)           1.625     5.228    clk_IBUF_BUFG
    SLICE_X52Y96         FDRE                                         r  clk_div_reg[0]/C
  -------------------------------------------------------------------    -------------------
    SLICE_X52Y96         FDRE (Prop_fdre_C_Q)         0.456     5.684 r  clk_div_reg[0]/Q
                         net (fo=2, routed)           1.017     6.701    clk_div_reg_n_0_[0]
    SLICE_X52Y96         LUT2 (Prop_lut2_I0_O)        0.150     6.851 r  clk_div[1]_i_1/O
                         net (fo=1, routed)           0.000     6.851    plusOp[1]
    SLICE_X52Y96         FDRE                                         r  clk_div_reg[1]/D
  -------------------------------------------------------------------    -------------------

                         (clock sys_clk_pin rise edge)
                                                     10.000    10.000 r  
    E3                                                0.000    10.000 r  clk (IN)
                         net (fo=0)                   0.000    10.000    clk
    E3                   IBUF (Prop_ibuf_I_O)         1.411    11.411 r  clk_IBUF_inst/O
                         net (fo=1, routed)           1.920    13.331    clk_IBUF
    BUFGCTRL_X0Y16       BUFG (Prop_bufg_I_O)         0.091    13.422 r  clk_IBUF_BUFG_inst/O
                         net (fo=3, routed)           1.504    14.927    clk_IBUF_BUFG
    SLICE_X52Y96         FDRE                                         r  clk_div_reg[1]/C
                         clock pessimism              0.301    15.228    
                         clock uncertainty           -0.035    15.192    
    SLICE_X52Y96         FDRE (Setup_fdre_C_D)        0.075    15.267    clk_div_reg[1]
  -------------------------------------------------------------------
                         required time                         15.267    
                         arrival time                          -6.851    
  -------------------------------------------------------------------
                         slack                                  8.416    

Slack (MET) :             8.896ns  (required time - arrival time)
  Source:                 clk_div_reg[1]/C
                            (rising edge-triggered cell FDRE clocked by sys_clk_pin  {rise@0.000ns fall@5.000ns period=10.000ns})
  Destination:            clk25_reg/D
                            (rising edge-triggered cell FDRE clocked by sys_clk_pin  {rise@0.000ns fall@5.000ns period=10.000ns})
  Path Group:             sys_clk_pin
  Path Type:              Setup (Max at Slow Process Corner)
  Requirement:            10.000ns  (sys_clk_pin rise@10.000ns - sys_clk_pin rise@0.000ns)
  Data Path Delay:        0.813ns  (logic 0.419ns (51.544%)  route 0.394ns (48.456%))
  Logic Levels:           0  
  Clock Path Skew:        0.000ns (DCD - SCD + CPR)
    Destination Clock Delay (DCD):    4.927ns = ( 14.927 - 10.000 ) 
    Source Clock Delay      (SCD):    5.228ns
    Clock Pessimism Removal (CPR):    0.301ns
  Clock Uncertainty:      0.035ns  ((TSJ^2 + TIJ^2)^1/2 + DJ) / 2 + PE
    Total System Jitter     (TSJ):    0.071ns
    Total Input Jitter      (TIJ):    0.000ns
    Discrete Jitter          (DJ):    0.000ns
    Phase Error              (PE):    0.000ns

    Location             Delay type                Incr(ns)  Path(ns)    Netlist Resource(s)
  -------------------------------------------------------------------    -------------------
                         (clock sys_clk_pin rise edge)
                                                      0.000     0.000 r  
    E3                                                0.000     0.000 r  clk (IN)
                         net (fo=0)                   0.000     0.000    clk
    E3                   IBUF (Prop_ibuf_I_O)         1.482     1.482 r  clk_IBUF_inst/O
                         net (fo=1, routed)           2.025     3.506    clk_IBUF
    BUFGCTRL_X0Y16       BUFG (Prop_bufg_I_O)         0.096     3.602 r  clk_IBUF_BUFG_inst/O
                         net (fo=3, routed)           1.625     5.228    clk_IBUF_BUFG
    SLICE_X52Y96         FDRE                                         r  clk_div_reg[1]/C
  -------------------------------------------------------------------    -------------------
    SLICE_X52Y96         FDRE (Prop_fdre_C_Q)         0.419     5.647 r  clk_div_reg[1]/Q
                         net (fo=2, routed)           0.394     6.041    p_0_in
    SLICE_X52Y96         FDRE                                         r  clk25_reg/D
  -------------------------------------------------------------------    -------------------

                         (clock sys_clk_pin rise edge)
                                                     10.000    10.000 r  
    E3                                                0.000    10.000 r  clk (IN)
                         net (fo=0)                   0.000    10.000    clk
    E3                   IBUF (Prop_ibuf_I_O)         1.411    11.411 r  clk_IBUF_inst/O
                         net (fo=1, routed)           1.920    13.331    clk_IBUF
    BUFGCTRL_X0Y16       BUFG (Prop_bufg_I_O)         0.091    13.422 r  clk_IBUF_BUFG_inst/O
                         net (fo=3, routed)           1.504    14.927    clk_IBUF_BUFG
    SLICE_X52Y96         FDRE                                         r  clk25_reg/C
                         clock pessimism              0.301    15.228    
                         clock uncertainty           -0.035    15.192    
    SLICE_X52Y96         FDRE (Setup_fdre_C_D)       -0.256    14.936    clk25_reg
  -------------------------------------------------------------------
                         required time                         14.936    
                         arrival time                          -6.041    
  -------------------------------------------------------------------
                         slack                                  8.896    





Min Delay Paths
--------------------------------------------------------------------------------------
Slack (MET) :             0.247ns  (arrival time - required time)
  Source:                 clk_div_reg[1]/C
                            (rising edge-triggered cell FDRE clocked by sys_clk_pin  {rise@0.000ns fall@5.000ns period=10.000ns})
  Destination:            clk25_reg/D
                            (rising edge-triggered cell FDRE clocked by sys_clk_pin  {rise@0.000ns fall@5.000ns period=10.000ns})
  Path Group:             sys_clk_pin
  Path Type:              Hold (Min at Fast Process Corner)
  Requirement:            0.000ns  (sys_clk_pin rise@0.000ns - sys_clk_pin rise@0.000ns)
  Data Path Delay:        0.259ns  (logic 0.128ns (49.441%)  route 0.131ns (50.559%))
  Logic Levels:           0  
  Clock Path Skew:        0.000ns (DCD - SCD - CPR)
    Destination Clock Delay (DCD):    1.999ns
    Source Clock Delay      (SCD):    1.483ns
    Clock Pessimism Removal (CPR):    0.515ns

    Location             Delay type                Incr(ns)  Path(ns)    Netlist Resource(s)
  -------------------------------------------------------------------    -------------------
                         (clock sys_clk_pin rise edge)
                                                      0.000     0.000 r  
    E3                                                0.000     0.000 r  clk (IN)
                         net (fo=0)                   0.000     0.000    clk
    E3                   IBUF (Prop_ibuf_I_O)         0.250     0.250 r  clk_IBUF_inst/O
                         net (fo=1, routed)           0.644     0.894    clk_IBUF
    BUFGCTRL_X0Y16       BUFG (Prop_bufg_I_O)         0.026     0.920 r  clk_IBUF_BUFG_inst/O
                         net (fo=3, routed)           0.564     1.483    clk_IBUF_BUFG
    SLICE_X52Y96         FDRE                                         r  clk_div_reg[1]/C
  -------------------------------------------------------------------    -------------------
    SLICE_X52Y96         FDRE (Prop_fdre_C_Q)         0.128     1.611 r  clk_div_reg[1]/Q
                         net (fo=2, routed)           0.131     1.742    p_0_in
    SLICE_X52Y96         FDRE                                         r  clk25_reg/D
  -------------------------------------------------------------------    -------------------

                         (clock sys_clk_pin rise edge)
                                                      0.000     0.000 r  
    E3                                                0.000     0.000 r  clk (IN)
                         net (fo=0)                   0.000     0.000    clk
    E3                   IBUF (Prop_ibuf_I_O)         0.438     0.438 r  clk_IBUF_inst/O
                         net (fo=1, routed)           0.699     1.136    clk_IBUF
    BUFGCTRL_X0Y16       BUFG (Prop_bufg_I_O)         0.029     1.165 r  clk_IBUF_BUFG_inst/O
                         net (fo=3, routed)           0.834     1.999    clk_IBUF_BUFG
    SLICE_X52Y96         FDRE                                         r  clk25_reg/C
                         clock pessimism             -0.515     1.483    
    SLICE_X52Y96         FDRE (Hold_fdre_C_D)         0.012     1.495    clk25_reg
  -------------------------------------------------------------------
                         required time                         -1.495    
                         arrival time                           1.742    
  -------------------------------------------------------------------
                         slack                                  0.247    

Slack (MET) :             0.413ns  (arrival time - required time)
  Source:                 clk_div_reg[1]/C
                            (rising edge-triggered cell FDRE clocked by sys_clk_pin  {rise@0.000ns fall@5.000ns period=10.000ns})
  Destination:            clk_div_reg[1]/D
                            (rising edge-triggered cell FDRE clocked by sys_clk_pin  {rise@0.000ns fall@5.000ns period=10.000ns})
  Path Group:             sys_clk_pin
  Path Type:              Hold (Min at Fast Process Corner)
  Requirement:            0.000ns  (sys_clk_pin rise@0.000ns - sys_clk_pin rise@0.000ns)
  Data Path Delay:        0.520ns  (logic 0.226ns (43.471%)  route 0.294ns (56.529%))
  Logic Levels:           1  (LUT2=1)
  Clock Path Skew:        0.000ns (DCD - SCD - CPR)
    Destination Clock Delay (DCD):    1.999ns
    Source Clock Delay      (SCD):    1.483ns
    Clock Pessimism Removal (CPR):    0.515ns

    Location             Delay type                Incr(ns)  Path(ns)    Netlist Resource(s)
  -------------------------------------------------------------------    -------------------
                         (clock sys_clk_pin rise edge)
                                                      0.000     0.000 r  
    E3                                                0.000     0.000 r  clk (IN)
                         net (fo=0)                   0.000     0.000    clk
    E3                   IBUF (Prop_ibuf_I_O)         0.250     0.250 r  clk_IBUF_inst/O
                         net (fo=1, routed)           0.644     0.894    clk_IBUF
    BUFGCTRL_X0Y16       BUFG (Prop_bufg_I_O)         0.026     0.920 r  clk_IBUF_BUFG_inst/O
                         net (fo=3, routed)           0.564     1.483    clk_IBUF_BUFG
    SLICE_X52Y96         FDRE                                         r  clk_div_reg[1]/C
  -------------------------------------------------------------------    -------------------
    SLICE_X52Y96         FDRE (Prop_fdre_C_Q)         0.128     1.611 r  clk_div_reg[1]/Q
                         net (fo=2, routed)           0.294     1.905    p_0_in
    SLICE_X52Y96         LUT2 (Prop_lut2_I1_O)        0.098     2.003 r  clk_div[1]_i_1/O
                         net (fo=1, routed)           0.000     2.003    plusOp[1]
    SLICE_X52Y96         FDRE                                         r  clk_div_reg[1]/D
  -------------------------------------------------------------------    -------------------

                         (clock sys_clk_pin rise edge)
                                                      0.000     0.000 r  
    E3                                                0.000     0.000 r  clk (IN)
                         net (fo=0)                   0.000     0.000    clk
    E3                   IBUF (Prop_ibuf_I_O)         0.438     0.438 r  clk_IBUF_inst/O
                         net (fo=1, routed)           0.699     1.136    clk_IBUF
    BUFGCTRL_X0Y16       BUFG (Prop_bufg_I_O)         0.029     1.165 r  clk_IBUF_BUFG_inst/O
                         net (fo=3, routed)           0.834     1.999    clk_IBUF_BUFG
    SLICE_X52Y96         FDRE                                         r  clk_div_reg[1]/C
                         clock pessimism             -0.515     1.483    
    SLICE_X52Y96         FDRE (Hold_fdre_C_D)         0.107     1.590    clk_div_reg[1]
  -------------------------------------------------------------------
                         required time                         -1.590    
                         arrival time                           2.003    
  -------------------------------------------------------------------
                         slack                                  0.413    

Slack (MET) :             0.464ns  (arrival time - required time)
  Source:                 clk_div_reg[0]/C
                            (rising edge-triggered cell FDRE clocked by sys_clk_pin  {rise@0.000ns fall@5.000ns period=10.000ns})
  Destination:            clk_div_reg[0]/D
                            (rising edge-triggered cell FDRE clocked by sys_clk_pin  {rise@0.000ns fall@5.000ns period=10.000ns})
  Path Group:             sys_clk_pin
  Path Type:              Hold (Min at Fast Process Corner)
  Requirement:            0.000ns  (sys_clk_pin rise@0.000ns - sys_clk_pin rise@0.000ns)
  Data Path Delay:        0.555ns  (logic 0.186ns (33.503%)  route 0.369ns (66.497%))
  Logic Levels:           1  (LUT1=1)
  Clock Path Skew:        0.000ns (DCD - SCD - CPR)
    Destination Clock Delay (DCD):    1.999ns
    Source Clock Delay      (SCD):    1.483ns
    Clock Pessimism Removal (CPR):    0.515ns

    Location             Delay type                Incr(ns)  Path(ns)    Netlist Resource(s)
  -------------------------------------------------------------------    -------------------
                         (clock sys_clk_pin rise edge)
                                                      0.000     0.000 r  
    E3                                                0.000     0.000 r  clk (IN)
                         net (fo=0)                   0.000     0.000    clk
    E3                   IBUF (Prop_ibuf_I_O)         0.250     0.250 r  clk_IBUF_inst/O
                         net (fo=1, routed)           0.644     0.894    clk_IBUF
    BUFGCTRL_X0Y16       BUFG (Prop_bufg_I_O)         0.026     0.920 r  clk_IBUF_BUFG_inst/O
                         net (fo=3, routed)           0.564     1.483    clk_IBUF_BUFG
    SLICE_X52Y96         FDRE                                         r  clk_div_reg[0]/C
  -------------------------------------------------------------------    -------------------
    SLICE_X52Y96         FDRE (Prop_fdre_C_Q)         0.141     1.624 f  clk_div_reg[0]/Q
                         net (fo=2, routed)           0.369     1.994    clk_div_reg_n_0_[0]
    SLICE_X52Y96         LUT1 (Prop_lut1_I0_O)        0.045     2.039 r  clk_div[0]_i_1/O
                         net (fo=1, routed)           0.000     2.039    plusOp[0]
    SLICE_X52Y96         FDRE                                         r  clk_div_reg[0]/D
  -------------------------------------------------------------------    -------------------

                         (clock sys_clk_pin rise edge)
                                                      0.000     0.000 r  
    E3                                                0.000     0.000 r  clk (IN)
                         net (fo=0)                   0.000     0.000    clk
    E3                   IBUF (Prop_ibuf_I_O)         0.438     0.438 r  clk_IBUF_inst/O
                         net (fo=1, routed)           0.699     1.136    clk_IBUF
    BUFGCTRL_X0Y16       BUFG (Prop_bufg_I_O)         0.029     1.165 r  clk_IBUF_BUFG_inst/O
                         net (fo=3, routed)           0.834     1.999    clk_IBUF_BUFG
    SLICE_X52Y96         FDRE                                         r  clk_div_reg[0]/C
                         clock pessimism             -0.515     1.483    
    SLICE_X52Y96         FDRE (Hold_fdre_C_D)         0.091     1.574    clk_div_reg[0]
  -------------------------------------------------------------------
                         required time                         -1.574    
                         arrival time                           2.039    
  -------------------------------------------------------------------
                         slack                                  0.464    





Pulse Width Checks
--------------------------------------------------------------------------------------
Clock Name:         sys_clk_pin
Waveform(ns):       { 0.000 5.000 }
Period(ns):         10.000
Sources:            { clk }

Check Type        Corner  Lib Pin  Reference Pin  Required(ns)  Actual(ns)  Slack(ns)  Location        Pin
Min Period        n/a     BUFG/I   n/a            2.155         10.000      7.845      BUFGCTRL_X0Y16  clk_IBUF_BUFG_inst/I
Min Period        n/a     FDRE/C   n/a            1.000         10.000      9.000      SLICE_X52Y96    clk25_reg/C
Min Period        n/a     FDRE/C   n/a            1.000         10.000      9.000      SLICE_X52Y96    clk_div_reg[0]/C
Min Period        n/a     FDRE/C   n/a            1.000         10.000      9.000      SLICE_X52Y96    clk_div_reg[1]/C
Low Pulse Width   Slow    FDRE/C   n/a            0.500         5.000       4.500      SLICE_X52Y96    clk25_reg/C
Low Pulse Width   Fast    FDRE/C   n/a            0.500         5.000       4.500      SLICE_X52Y96    clk25_reg/C
Low Pulse Width   Slow    FDRE/C   n/a            0.500         5.000       4.500      SLICE_X52Y96    clk_div_reg[0]/C
Low Pulse Width   Fast    FDRE/C   n/a            0.500         5.000       4.500      SLICE_X52Y96    clk_div_reg[0]/C
Low Pulse Width   Slow    FDRE/C   n/a            0.500         5.000       4.500      SLICE_X52Y96    clk_div_reg[1]/C
Low Pulse Width   Fast    FDRE/C   n/a            0.500         5.000       4.500      SLICE_X52Y96    clk_div_reg[1]/C
High Pulse Width  Slow    FDRE/C   n/a            0.500         5.000       4.500      SLICE_X52Y96    clk25_reg/C
High Pulse Width  Fast    FDRE/C   n/a            0.500         5.000       4.500      SLICE_X52Y96    clk25_reg/C
High Pulse Width  Slow    FDRE/C   n/a            0.500         5.000       4.500      SLICE_X52Y96    clk_div_reg[0]/C
High Pulse Width  Fast    FDRE/C   n/a            0.500         5.000       4.500      SLICE_X52Y96    clk_div_reg[0]/C
High Pulse Width  Slow    FDRE/C   n/a            0.500         5.000       4.500      SLICE_X52Y96    clk_div_reg[1]/C
High Pulse Width  Fast    FDRE/C   n/a            0.500         5.000       4.500      SLICE_X52Y96    clk_div_reg[1]/C



--------------------------------------------------------------------------------------
Path Group:  (none)
From Clock:  
  To Clock:  

Max Delay           261 Endpoints
Min Delay           261 Endpoints
--------------------------------------------------------------------------------------


Max Delay Paths
--------------------------------------------------------------------------------------
Slack:                    inf
  Source:                 x_offset_reg[11]/C
                            (rising edge-triggered cell FDRE)
  Destination:            blue[0]
                            (output port)
  Path Group:             (none)
  Path Type:              Max at Slow Process Corner
  Data Path Delay:        28.397ns  (logic 14.681ns (51.700%)  route 13.716ns (48.300%))
  Logic Levels:           19  (CARRY4=8 DSP48E1=2 FDRE=1 LUT2=5 LUT3=1 LUT6=1 OBUF=1)

    Location             Delay type                Incr(ns)  Path(ns)    Netlist Resource(s)
  -------------------------------------------------------------------    -------------------
    SLICE_X9Y82          FDRE                         0.000     0.000 r  x_offset_reg[11]/C
    SLICE_X9Y82          FDRE (Prop_fdre_C_Q)         0.456     0.456 r  x_offset_reg[11]/Q
                         net (fo=15, routed)          1.959     2.415    x_offset_reg[11]
    SLICE_X12Y78         LUT2 (Prop_lut2_I1_O)        0.124     2.539 r  pixel2__2_i_52/O
                         net (fo=1, routed)           0.000     2.539    pixel2__2_i_52_n_0
    SLICE_X12Y78         CARRY4 (Prop_carry4_S[3]_CO[3])
                                                      0.376     2.915 r  pixel2__2_i_6/CO[3]
                         net (fo=1, routed)           0.000     2.915    pixel2__2_i_6_n_0
    SLICE_X12Y79         CARRY4 (Prop_carry4_CI_O[3])
                                                      0.315     3.230 r  pixel2__2_i_5/O[3]
                         net (fo=4, routed)           1.102     4.331    pixel2__2_i_5_n_4
    DSP48_X0Y32          DSP48E1 (Prop_dsp48e1_A[15]_PCOUT[47])
                                                      4.219     8.550 r  pixel2__3/PCOUT[47]
                         net (fo=1, routed)           0.002     8.552    pixel2__3_n_106
    DSP48_X0Y33          DSP48E1 (Prop_dsp48e1_PCIN[47]_P[0])
                                                      1.518    10.070 r  pixel2__4/P[0]
                         net (fo=2, routed)           1.065    11.135    pixel2__4_n_105
    SLICE_X11Y77         LUT2 (Prop_lut2_I0_O)        0.124    11.259 r  red_OBUF[3]_inst_i_612/O
                         net (fo=1, routed)           0.000    11.259    red_OBUF[3]_inst_i_612_n_0
    SLICE_X11Y77         CARRY4 (Prop_carry4_S[1]_CO[3])
                                                      0.550    11.809 r  red_OBUF[3]_inst_i_515/CO[3]
                         net (fo=1, routed)           0.000    11.809    red_OBUF[3]_inst_i_515_n_0
    SLICE_X11Y78         CARRY4 (Prop_carry4_CI_O[1])
                                                      0.334    12.143 r  red_OBUF[3]_inst_i_425/O[1]
                         net (fo=2, routed)           1.025    13.168    red_OBUF[3]_inst_i_425_n_6
    SLICE_X11Y86         LUT2 (Prop_lut2_I0_O)        0.303    13.471 r  red_OBUF[3]_inst_i_428/O
                         net (fo=1, routed)           0.000    13.471    red_OBUF[3]_inst_i_428_n_0
    SLICE_X11Y86         CARRY4 (Prop_carry4_S[1]_CO[3])
                                                      0.550    14.021 r  red_OBUF[3]_inst_i_280/CO[3]
                         net (fo=1, routed)           0.000    14.021    red_OBUF[3]_inst_i_280_n_0
    SLICE_X11Y87         CARRY4 (Prop_carry4_CI_O[1])
                                                      0.334    14.355 f  red_OBUF[3]_inst_i_165/O[1]
                         net (fo=1, routed)           0.815    15.170    red_OBUF[3]_inst_i_165_n_6
    SLICE_X10Y86         LUT2 (Prop_lut2_I0_O)        0.303    15.473 r  red_OBUF[3]_inst_i_163/O
                         net (fo=1, routed)           0.000    15.473    red_OBUF[3]_inst_i_163_n_0
    SLICE_X10Y86         CARRY4 (Prop_carry4_S[1]_CO[3])
                                                      0.533    16.006 r  red_OBUF[3]_inst_i_78/CO[3]
                         net (fo=1, routed)           0.000    16.006    red_OBUF[3]_inst_i_78_n_0
    SLICE_X10Y87         CARRY4 (Prop_carry4_CI_CO[0])
                                                      0.254    16.260 r  red_OBUF[3]_inst_i_18/CO[0]
                         net (fo=1, routed)           0.665    16.924    red_OBUF[3]_inst_i_18_n_3
    SLICE_X10Y88         LUT3 (Prop_lut3_I1_O)        0.367    17.291 r  red_OBUF[3]_inst_i_6/O
                         net (fo=1, routed)           0.286    17.578    red_OBUF[3]_inst_i_6_n_0
    SLICE_X10Y88         LUT6 (Prop_lut6_I4_O)        0.124    17.702 f  red_OBUF[3]_inst_i_2/O
                         net (fo=3, routed)           1.372    19.074    red_OBUF[3]_inst_i_2_n_0
    SLICE_X14Y101        LUT2 (Prop_lut2_I1_O)        0.146    19.220 r  blue_OBUF[3]_inst_i_1/O
                         net (fo=4, routed)           5.426    24.646    blue_OBUF[0]
    B7                   OBUF (Prop_obuf_I_O)         3.751    28.397 r  blue_OBUF[0]_inst/O
                         net (fo=0)                   0.000    28.397    blue[0]
    B7                                                                r  blue[0] (OUT)
  -------------------------------------------------------------------    -------------------

Slack:                    inf
  Source:                 x_offset_reg[11]/C
                            (rising edge-triggered cell FDRE)
  Destination:            green[0]
                            (output port)
  Path Group:             (none)
  Path Type:              Max at Slow Process Corner
  Data Path Delay:        28.165ns  (logic 14.446ns (51.292%)  route 13.719ns (48.708%))
  Logic Levels:           19  (CARRY4=8 DSP48E1=2 FDRE=1 LUT2=5 LUT3=1 LUT6=1 OBUF=1)

    Location             Delay type                Incr(ns)  Path(ns)    Netlist Resource(s)
  -------------------------------------------------------------------    -------------------
    SLICE_X9Y82          FDRE                         0.000     0.000 r  x_offset_reg[11]/C
    SLICE_X9Y82          FDRE (Prop_fdre_C_Q)         0.456     0.456 r  x_offset_reg[11]/Q
                         net (fo=15, routed)          1.959     2.415    x_offset_reg[11]
    SLICE_X12Y78         LUT2 (Prop_lut2_I1_O)        0.124     2.539 r  pixel2__2_i_52/O
                         net (fo=1, routed)           0.000     2.539    pixel2__2_i_52_n_0
    SLICE_X12Y78         CARRY4 (Prop_carry4_S[3]_CO[3])
                                                      0.376     2.915 r  pixel2__2_i_6/CO[3]
                         net (fo=1, routed)           0.000     2.915    pixel2__2_i_6_n_0
    SLICE_X12Y79         CARRY4 (Prop_carry4_CI_O[3])
                                                      0.315     3.230 r  pixel2__2_i_5/O[3]
                         net (fo=4, routed)           1.102     4.331    pixel2__2_i_5_n_4
    DSP48_X0Y32          DSP48E1 (Prop_dsp48e1_A[15]_PCOUT[47])
                                                      4.219     8.550 r  pixel2__3/PCOUT[47]
                         net (fo=1, routed)           0.002     8.552    pixel2__3_n_106
    DSP48_X0Y33          DSP48E1 (Prop_dsp48e1_PCIN[47]_P[0])
                                                      1.518    10.070 r  pixel2__4/P[0]
                         net (fo=2, routed)           1.065    11.135    pixel2__4_n_105
    SLICE_X11Y77         LUT2 (Prop_lut2_I0_O)        0.124    11.259 r  red_OBUF[3]_inst_i_612/O
                         net (fo=1, routed)           0.000    11.259    red_OBUF[3]_inst_i_612_n_0
    SLICE_X11Y77         CARRY4 (Prop_carry4_S[1]_CO[3])
                                                      0.550    11.809 r  red_OBUF[3]_inst_i_515/CO[3]
                         net (fo=1, routed)           0.000    11.809    red_OBUF[3]_inst_i_515_n_0
    SLICE_X11Y78         CARRY4 (Prop_carry4_CI_O[1])
                                                      0.334    12.143 r  red_OBUF[3]_inst_i_425/O[1]
                         net (fo=2, routed)           1.025    13.168    red_OBUF[3]_inst_i_425_n_6
    SLICE_X11Y86         LUT2 (Prop_lut2_I0_O)        0.303    13.471 r  red_OBUF[3]_inst_i_428/O
                         net (fo=1, routed)           0.000    13.471    red_OBUF[3]_inst_i_428_n_0
    SLICE_X11Y86         CARRY4 (Prop_carry4_S[1]_CO[3])
                                                      0.550    14.021 r  red_OBUF[3]_inst_i_280/CO[3]
                         net (fo=1, routed)           0.000    14.021    red_OBUF[3]_inst_i_280_n_0
    SLICE_X11Y87         CARRY4 (Prop_carry4_CI_O[1])
                                                      0.334    14.355 f  red_OBUF[3]_inst_i_165/O[1]
                         net (fo=1, routed)           0.815    15.170    red_OBUF[3]_inst_i_165_n_6
    SLICE_X10Y86         LUT2 (Prop_lut2_I0_O)        0.303    15.473 r  red_OBUF[3]_inst_i_163/O
                         net (fo=1, routed)           0.000    15.473    red_OBUF[3]_inst_i_163_n_0
    SLICE_X10Y86         CARRY4 (Prop_carry4_S[1]_CO[3])
                                                      0.533    16.006 r  red_OBUF[3]_inst_i_78/CO[3]
                         net (fo=1, routed)           0.000    16.006    red_OBUF[3]_inst_i_78_n_0
    SLICE_X10Y87         CARRY4 (Prop_carry4_CI_CO[0])
                                                      0.254    16.260 r  red_OBUF[3]_inst_i_18/CO[0]
                         net (fo=1, routed)           0.665    16.924    red_OBUF[3]_inst_i_18_n_3
    SLICE_X10Y88         LUT3 (Prop_lut3_I1_O)        0.367    17.291 r  red_OBUF[3]_inst_i_6/O
                         net (fo=1, routed)           0.286    17.578    red_OBUF[3]_inst_i_6_n_0
    SLICE_X10Y88         LUT6 (Prop_lut6_I4_O)        0.124    17.702 f  red_OBUF[3]_inst_i_2/O
                         net (fo=3, routed)           1.364    19.066    red_OBUF[3]_inst_i_2_n_0
    SLICE_X14Y101        LUT2 (Prop_lut2_I1_O)        0.124    19.190 r  green_OBUF[3]_inst_i_1/O
                         net (fo=4, routed)           5.437    24.627    green_OBUF[0]
    C6                   OBUF (Prop_obuf_I_O)         3.538    28.165 r  green_OBUF[0]_inst/O
                         net (fo=0)                   0.000    28.165    green[0]
    C6                                                                r  green[0] (OUT)
  -------------------------------------------------------------------    -------------------

Slack:                    inf
  Source:                 x_offset_reg[11]/C
                            (rising edge-triggered cell FDRE)
  Destination:            blue[3]
                            (output port)
  Path Group:             (none)
  Path Type:              Max at Slow Process Corner
  Data Path Delay:        28.118ns  (logic 14.686ns (52.229%)  route 13.432ns (47.771%))
  Logic Levels:           19  (CARRY4=8 DSP48E1=2 FDRE=1 LUT2=5 LUT3=1 LUT6=1 OBUF=1)

    Location             Delay type                Incr(ns)  Path(ns)    Netlist Resource(s)
  -------------------------------------------------------------------    -------------------
    SLICE_X9Y82          FDRE                         0.000     0.000 r  x_offset_reg[11]/C
    SLICE_X9Y82          FDRE (Prop_fdre_C_Q)         0.456     0.456 r  x_offset_reg[11]/Q
                         net (fo=15, routed)          1.959     2.415    x_offset_reg[11]
    SLICE_X12Y78         LUT2 (Prop_lut2_I1_O)        0.124     2.539 r  pixel2__2_i_52/O
                         net (fo=1, routed)           0.000     2.539    pixel2__2_i_52_n_0
    SLICE_X12Y78         CARRY4 (Prop_carry4_S[3]_CO[3])
                                                      0.376     2.915 r  pixel2__2_i_6/CO[3]
                         net (fo=1, routed)           0.000     2.915    pixel2__2_i_6_n_0
    SLICE_X12Y79         CARRY4 (Prop_carry4_CI_O[3])
                                                      0.315     3.230 r  pixel2__2_i_5/O[3]
                         net (fo=4, routed)           1.102     4.331    pixel2__2_i_5_n_4
    DSP48_X0Y32          DSP48E1 (Prop_dsp48e1_A[15]_PCOUT[47])
                                                      4.219     8.550 r  pixel2__3/PCOUT[47]
                         net (fo=1, routed)           0.002     8.552    pixel2__3_n_106
    DSP48_X0Y33          DSP48E1 (Prop_dsp48e1_PCIN[47]_P[0])
                                                      1.518    10.070 r  pixel2__4/P[0]
                         net (fo=2, routed)           1.065    11.135    pixel2__4_n_105
    SLICE_X11Y77         LUT2 (Prop_lut2_I0_O)        0.124    11.259 r  red_OBUF[3]_inst_i_612/O
                         net (fo=1, routed)           0.000    11.259    red_OBUF[3]_inst_i_612_n_0
    SLICE_X11Y77         CARRY4 (Prop_carry4_S[1]_CO[3])
                                                      0.550    11.809 r  red_OBUF[3]_inst_i_515/CO[3]
                         net (fo=1, routed)           0.000    11.809    red_OBUF[3]_inst_i_515_n_0
    SLICE_X11Y78         CARRY4 (Prop_carry4_CI_O[1])
                                                      0.334    12.143 r  red_OBUF[3]_inst_i_425/O[1]
                         net (fo=2, routed)           1.025    13.168    red_OBUF[3]_inst_i_425_n_6
    SLICE_X11Y86         LUT2 (Prop_lut2_I0_O)        0.303    13.471 r  red_OBUF[3]_inst_i_428/O
                         net (fo=1, routed)           0.000    13.471    red_OBUF[3]_inst_i_428_n_0
    SLICE_X11Y86         CARRY4 (Prop_carry4_S[1]_CO[3])
                                                      0.550    14.021 r  red_OBUF[3]_inst_i_280/CO[3]
                         net (fo=1, routed)           0.000    14.021    red_OBUF[3]_inst_i_280_n_0
    SLICE_X11Y87         CARRY4 (Prop_carry4_CI_O[1])
                                                      0.334    14.355 f  red_OBUF[3]_inst_i_165/O[1]
                         net (fo=1, routed)           0.815    15.170    red_OBUF[3]_inst_i_165_n_6
    SLICE_X10Y86         LUT2 (Prop_lut2_I0_O)        0.303    15.473 r  red_OBUF[3]_inst_i_163/O
                         net (fo=1, routed)           0.000    15.473    red_OBUF[3]_inst_i_163_n_0
    SLICE_X10Y86         CARRY4 (Prop_carry4_S[1]_CO[3])
                                                      0.533    16.006 r  red_OBUF[3]_inst_i_78/CO[3]
                         net (fo=1, routed)           0.000    16.006    red_OBUF[3]_inst_i_78_n_0
    SLICE_X10Y87         CARRY4 (Prop_carry4_CI_CO[0])
                                                      0.254    16.260 r  red_OBUF[3]_inst_i_18/CO[0]
                         net (fo=1, routed)           0.665    16.924    red_OBUF[3]_inst_i_18_n_3
    SLICE_X10Y88         LUT3 (Prop_lut3_I1_O)        0.367    17.291 r  red_OBUF[3]_inst_i_6/O
                         net (fo=1, routed)           0.286    17.578    red_OBUF[3]_inst_i_6_n_0
    SLICE_X10Y88         LUT6 (Prop_lut6_I4_O)        0.124    17.702 f  red_OBUF[3]_inst_i_2/O
                         net (fo=3, routed)           1.372    19.074    red_OBUF[3]_inst_i_2_n_0
    SLICE_X14Y101        LUT2 (Prop_lut2_I1_O)        0.146    19.220 r  blue_OBUF[3]_inst_i_1/O
                         net (fo=4, routed)           5.142    24.362    blue_OBUF[0]
    D8                   OBUF (Prop_obuf_I_O)         3.756    28.118 r  blue_OBUF[3]_inst/O
                         net (fo=0)                   0.000    28.118    blue[3]
    D8                                                                r  blue[3] (OUT)
  -------------------------------------------------------------------    -------------------

Slack:                    inf
  Source:                 x_offset_reg[11]/C
                            (rising edge-triggered cell FDRE)
  Destination:            red[2]
                            (output port)
  Path Group:             (none)
  Path Type:              Max at Slow Process Corner
  Data Path Delay:        28.020ns  (logic 14.443ns (51.546%)  route 13.577ns (48.454%))
  Logic Levels:           19  (CARRY4=8 DSP48E1=2 FDRE=1 LUT2=4 LUT3=2 LUT6=1 OBUF=1)

    Location             Delay type                Incr(ns)  Path(ns)    Netlist Resource(s)
  -------------------------------------------------------------------    -------------------
    SLICE_X9Y82          FDRE                         0.000     0.000 r  x_offset_reg[11]/C
    SLICE_X9Y82          FDRE (Prop_fdre_C_Q)         0.456     0.456 r  x_offset_reg[11]/Q
                         net (fo=15, routed)          1.959     2.415    x_offset_reg[11]
    SLICE_X12Y78         LUT2 (Prop_lut2_I1_O)        0.124     2.539 r  pixel2__2_i_52/O
                         net (fo=1, routed)           0.000     2.539    pixel2__2_i_52_n_0
    SLICE_X12Y78         CARRY4 (Prop_carry4_S[3]_CO[3])
                                                      0.376     2.915 r  pixel2__2_i_6/CO[3]
                         net (fo=1, routed)           0.000     2.915    pixel2__2_i_6_n_0
    SLICE_X12Y79         CARRY4 (Prop_carry4_CI_O[3])
                                                      0.315     3.230 r  pixel2__2_i_5/O[3]
                         net (fo=4, routed)           1.102     4.331    pixel2__2_i_5_n_4
    DSP48_X0Y32          DSP48E1 (Prop_dsp48e1_A[15]_PCOUT[47])
                                                      4.219     8.550 r  pixel2__3/PCOUT[47]
                         net (fo=1, routed)           0.002     8.552    pixel2__3_n_106
    DSP48_X0Y33          DSP48E1 (Prop_dsp48e1_PCIN[47]_P[0])
                                                      1.518    10.070 r  pixel2__4/P[0]
                         net (fo=2, routed)           1.065    11.135    pixel2__4_n_105
    SLICE_X11Y77         LUT2 (Prop_lut2_I0_O)        0.124    11.259 r  red_OBUF[3]_inst_i_612/O
                         net (fo=1, routed)           0.000    11.259    red_OBUF[3]_inst_i_612_n_0
    SLICE_X11Y77         CARRY4 (Prop_carry4_S[1]_CO[3])
                                                      0.550    11.809 r  red_OBUF[3]_inst_i_515/CO[3]
                         net (fo=1, routed)           0.000    11.809    red_OBUF[3]_inst_i_515_n_0
    SLICE_X11Y78         CARRY4 (Prop_carry4_CI_O[1])
                                                      0.334    12.143 r  red_OBUF[3]_inst_i_425/O[1]
                         net (fo=2, routed)           1.025    13.168    red_OBUF[3]_inst_i_425_n_6
    SLICE_X11Y86         LUT2 (Prop_lut2_I0_O)        0.303    13.471 r  red_OBUF[3]_inst_i_428/O
                         net (fo=1, routed)           0.000    13.471    red_OBUF[3]_inst_i_428_n_0
    SLICE_X11Y86         CARRY4 (Prop_carry4_S[1]_CO[3])
                                                      0.550    14.021 r  red_OBUF[3]_inst_i_280/CO[3]
                         net (fo=1, routed)           0.000    14.021    red_OBUF[3]_inst_i_280_n_0
    SLICE_X11Y87         CARRY4 (Prop_carry4_CI_O[1])
                                                      0.334    14.355 f  red_OBUF[3]_inst_i_165/O[1]
                         net (fo=1, routed)           0.815    15.170    red_OBUF[3]_inst_i_165_n_6
    SLICE_X10Y86         LUT2 (Prop_lut2_I0_O)        0.303    15.473 r  red_OBUF[3]_inst_i_163/O
                         net (fo=1, routed)           0.000    15.473    red_OBUF[3]_inst_i_163_n_0
    SLICE_X10Y86         CARRY4 (Prop_carry4_S[1]_CO[3])
                                                      0.533    16.006 r  red_OBUF[3]_inst_i_78/CO[3]
                         net (fo=1, routed)           0.000    16.006    red_OBUF[3]_inst_i_78_n_0
    SLICE_X10Y87         CARRY4 (Prop_carry4_CI_CO[0])
                                                      0.254    16.260 r  red_OBUF[3]_inst_i_18/CO[0]
                         net (fo=1, routed)           0.665    16.924    red_OBUF[3]_inst_i_18_n_3
    SLICE_X10Y88         LUT3 (Prop_lut3_I1_O)        0.367    17.291 r  red_OBUF[3]_inst_i_6/O
                         net (fo=1, routed)           0.286    17.578    red_OBUF[3]_inst_i_6_n_0
    SLICE_X10Y88         LUT6 (Prop_lut6_I4_O)        0.124    17.702 f  red_OBUF[3]_inst_i_2/O
                         net (fo=3, routed)           1.372    19.074    red_OBUF[3]_inst_i_2_n_0
    SLICE_X14Y101        LUT3 (Prop_lut3_I0_O)        0.124    19.198 r  red_OBUF[3]_inst_i_1/O
                         net (fo=4, routed)           5.287    24.485    red_OBUF[0]
    C5                   OBUF (Prop_obuf_I_O)         3.535    28.020 r  red_OBUF[2]_inst/O
                         net (fo=0)                   0.000    28.020    red[2]
    C5                                                                r  red[2] (OUT)
  -------------------------------------------------------------------    -------------------

Slack:                    inf
  Source:                 x_offset_reg[11]/C
                            (rising edge-triggered cell FDRE)
  Destination:            blue[1]
                            (output port)
  Path Group:             (none)
  Path Type:              Max at Slow Process Corner
  Data Path Delay:        27.967ns  (logic 14.685ns (52.510%)  route 13.281ns (47.490%))
  Logic Levels:           19  (CARRY4=8 DSP48E1=2 FDRE=1 LUT2=5 LUT3=1 LUT6=1 OBUF=1)

    Location             Delay type                Incr(ns)  Path(ns)    Netlist Resource(s)
  -------------------------------------------------------------------    -------------------
    SLICE_X9Y82          FDRE                         0.000     0.000 r  x_offset_reg[11]/C
    SLICE_X9Y82          FDRE (Prop_fdre_C_Q)         0.456     0.456 r  x_offset_reg[11]/Q
                         net (fo=15, routed)          1.959     2.415    x_offset_reg[11]
    SLICE_X12Y78         LUT2 (Prop_lut2_I1_O)        0.124     2.539 r  pixel2__2_i_52/O
                         net (fo=1, routed)           0.000     2.539    pixel2__2_i_52_n_0
    SLICE_X12Y78         CARRY4 (Prop_carry4_S[3]_CO[3])
                                                      0.376     2.915 r  pixel2__2_i_6/CO[3]
                         net (fo=1, routed)           0.000     2.915    pixel2__2_i_6_n_0
    SLICE_X12Y79         CARRY4 (Prop_carry4_CI_O[3])
                                                      0.315     3.230 r  pixel2__2_i_5/O[3]
                         net (fo=4, routed)           1.102     4.331    pixel2__2_i_5_n_4
    DSP48_X0Y32          DSP48E1 (Prop_dsp48e1_A[15]_PCOUT[47])
                                                      4.219     8.550 r  pixel2__3/PCOUT[47]
                         net (fo=1, routed)           0.002     8.552    pixel2__3_n_106
    DSP48_X0Y33          DSP48E1 (Prop_dsp48e1_PCIN[47]_P[0])
                                                      1.518    10.070 r  pixel2__4/P[0]
                         net (fo=2, routed)           1.065    11.135    pixel2__4_n_105
    SLICE_X11Y77         LUT2 (Prop_lut2_I0_O)        0.124    11.259 r  red_OBUF[3]_inst_i_612/O
                         net (fo=1, routed)           0.000    11.259    red_OBUF[3]_inst_i_612_n_0
    SLICE_X11Y77         CARRY4 (Prop_carry4_S[1]_CO[3])
                                                      0.550    11.809 r  red_OBUF[3]_inst_i_515/CO[3]
                         net (fo=1, routed)           0.000    11.809    red_OBUF[3]_inst_i_515_n_0
    SLICE_X11Y78         CARRY4 (Prop_carry4_CI_O[1])
                                                      0.334    12.143 r  red_OBUF[3]_inst_i_425/O[1]
                         net (fo=2, routed)           1.025    13.168    red_OBUF[3]_inst_i_425_n_6
    SLICE_X11Y86         LUT2 (Prop_lut2_I0_O)        0.303    13.471 r  red_OBUF[3]_inst_i_428/O
                         net (fo=1, routed)           0.000    13.471    red_OBUF[3]_inst_i_428_n_0
    SLICE_X11Y86         CARRY4 (Prop_carry4_S[1]_CO[3])
                                                      0.550    14.021 r  red_OBUF[3]_inst_i_280/CO[3]
                         net (fo=1, routed)           0.000    14.021    red_OBUF[3]_inst_i_280_n_0
    SLICE_X11Y87         CARRY4 (Prop_carry4_CI_O[1])
                                                      0.334    14.355 f  red_OBUF[3]_inst_i_165/O[1]
                         net (fo=1, routed)           0.815    15.170    red_OBUF[3]_inst_i_165_n_6
    SLICE_X10Y86         LUT2 (Prop_lut2_I0_O)        0.303    15.473 r  red_OBUF[3]_inst_i_163/O
                         net (fo=1, routed)           0.000    15.473    red_OBUF[3]_inst_i_163_n_0
    SLICE_X10Y86         CARRY4 (Prop_carry4_S[1]_CO[3])
                                                      0.533    16.006 r  red_OBUF[3]_inst_i_78/CO[3]
                         net (fo=1, routed)           0.000    16.006    red_OBUF[3]_inst_i_78_n_0
    SLICE_X10Y87         CARRY4 (Prop_carry4_CI_CO[0])
                                                      0.254    16.260 r  red_OBUF[3]_inst_i_18/CO[0]
                         net (fo=1, routed)           0.665    16.924    red_OBUF[3]_inst_i_18_n_3
    SLICE_X10Y88         LUT3 (Prop_lut3_I1_O)        0.367    17.291 r  red_OBUF[3]_inst_i_6/O
                         net (fo=1, routed)           0.286    17.578    red_OBUF[3]_inst_i_6_n_0
    SLICE_X10Y88         LUT6 (Prop_lut6_I4_O)        0.124    17.702 f  red_OBUF[3]_inst_i_2/O
                         net (fo=3, routed)           1.372    19.074    red_OBUF[3]_inst_i_2_n_0
    SLICE_X14Y101        LUT2 (Prop_lut2_I1_O)        0.146    19.220 r  blue_OBUF[3]_inst_i_1/O
                         net (fo=4, routed)           4.991    24.211    blue_OBUF[0]
    C7                   OBUF (Prop_obuf_I_O)         3.755    27.967 r  blue_OBUF[1]_inst/O
                         net (fo=0)                   0.000    27.967    blue[1]
    C7                                                                r  blue[1] (OUT)
  -------------------------------------------------------------------    -------------------

Slack:                    inf
  Source:                 x_offset_reg[11]/C
                            (rising edge-triggered cell FDRE)
  Destination:            green[2]
                            (output port)
  Path Group:             (none)
  Path Type:              Max at Slow Process Corner
  Data Path Delay:        27.890ns  (logic 14.454ns (51.827%)  route 13.435ns (48.173%))
  Logic Levels:           19  (CARRY4=8 DSP48E1=2 FDRE=1 LUT2=5 LUT3=1 LUT6=1 OBUF=1)

    Location             Delay type                Incr(ns)  Path(ns)    Netlist Resource(s)
  -------------------------------------------------------------------    -------------------
    SLICE_X9Y82          FDRE                         0.000     0.000 r  x_offset_reg[11]/C
    SLICE_X9Y82          FDRE (Prop_fdre_C_Q)         0.456     0.456 r  x_offset_reg[11]/Q
                         net (fo=15, routed)          1.959     2.415    x_offset_reg[11]
    SLICE_X12Y78         LUT2 (Prop_lut2_I1_O)        0.124     2.539 r  pixel2__2_i_52/O
                         net (fo=1, routed)           0.000     2.539    pixel2__2_i_52_n_0
    SLICE_X12Y78         CARRY4 (Prop_carry4_S[3]_CO[3])
                                                      0.376     2.915 r  pixel2__2_i_6/CO[3]
                         net (fo=1, routed)           0.000     2.915    pixel2__2_i_6_n_0
    SLICE_X12Y79         CARRY4 (Prop_carry4_CI_O[3])
                                                      0.315     3.230 r  pixel2__2_i_5/O[3]
                         net (fo=4, routed)           1.102     4.331    pixel2__2_i_5_n_4
    DSP48_X0Y32          DSP48E1 (Prop_dsp48e1_A[15]_PCOUT[47])
                                                      4.219     8.550 r  pixel2__3/PCOUT[47]
                         net (fo=1, routed)           0.002     8.552    pixel2__3_n_106
    DSP48_X0Y33          DSP48E1 (Prop_dsp48e1_PCIN[47]_P[0])
                                                      1.518    10.070 r  pixel2__4/P[0]
                         net (fo=2, routed)           1.065    11.135    pixel2__4_n_105
    SLICE_X11Y77         LUT2 (Prop_lut2_I0_O)        0.124    11.259 r  red_OBUF[3]_inst_i_612/O
                         net (fo=1, routed)           0.000    11.259    red_OBUF[3]_inst_i_612_n_0
    SLICE_X11Y77         CARRY4 (Prop_carry4_S[1]_CO[3])
                                                      0.550    11.809 r  red_OBUF[3]_inst_i_515/CO[3]
                         net (fo=1, routed)           0.000    11.809    red_OBUF[3]_inst_i_515_n_0
    SLICE_X11Y78         CARRY4 (Prop_carry4_CI_O[1])
                                                      0.334    12.143 r  red_OBUF[3]_inst_i_425/O[1]
                         net (fo=2, routed)           1.025    13.168    red_OBUF[3]_inst_i_425_n_6
    SLICE_X11Y86         LUT2 (Prop_lut2_I0_O)        0.303    13.471 r  red_OBUF[3]_inst_i_428/O
                         net (fo=1, routed)           0.000    13.471    red_OBUF[3]_inst_i_428_n_0
    SLICE_X11Y86         CARRY4 (Prop_carry4_S[1]_CO[3])
                                                      0.550    14.021 r  red_OBUF[3]_inst_i_280/CO[3]
                         net (fo=1, routed)           0.000    14.021    red_OBUF[3]_inst_i_280_n_0
    SLICE_X11Y87         CARRY4 (Prop_carry4_CI_O[1])
                                                      0.334    14.355 f  red_OBUF[3]_inst_i_165/O[1]
                         net (fo=1, routed)           0.815    15.170    red_OBUF[3]_inst_i_165_n_6
    SLICE_X10Y86         LUT2 (Prop_lut2_I0_O)        0.303    15.473 r  red_OBUF[3]_inst_i_163/O
                         net (fo=1, routed)           0.000    15.473    red_OBUF[3]_inst_i_163_n_0
    SLICE_X10Y86         CARRY4 (Prop_carry4_S[1]_CO[3])
                                                      0.533    16.006 r  red_OBUF[3]_inst_i_78/CO[3]
                         net (fo=1, routed)           0.000    16.006    red_OBUF[3]_inst_i_78_n_0
    SLICE_X10Y87         CARRY4 (Prop_carry4_CI_CO[0])
                                                      0.254    16.260 r  red_OBUF[3]_inst_i_18/CO[0]
                         net (fo=1, routed)           0.665    16.924    red_OBUF[3]_inst_i_18_n_3
    SLICE_X10Y88         LUT3 (Prop_lut3_I1_O)        0.367    17.291 r  red_OBUF[3]_inst_i_6/O
                         net (fo=1, routed)           0.286    17.578    red_OBUF[3]_inst_i_6_n_0
    SLICE_X10Y88         LUT6 (Prop_lut6_I4_O)        0.124    17.702 f  red_OBUF[3]_inst_i_2/O
                         net (fo=3, routed)           1.364    19.066    red_OBUF[3]_inst_i_2_n_0
    SLICE_X14Y101        LUT2 (Prop_lut2_I1_O)        0.124    19.190 r  green_OBUF[3]_inst_i_1/O
                         net (fo=4, routed)           5.154    24.343    green_OBUF[0]
    B6                   OBUF (Prop_obuf_I_O)         3.546    27.890 r  green_OBUF[2]_inst/O
                         net (fo=0)                   0.000    27.890    green[2]
    B6                                                                r  green[2] (OUT)
  -------------------------------------------------------------------    -------------------

Slack:                    inf
  Source:                 x_offset_reg[11]/C
                            (rising edge-triggered cell FDRE)
  Destination:            green[3]
                            (output port)
  Path Group:             (none)
  Path Type:              Max at Slow Process Corner
  Data Path Delay:        27.739ns  (logic 14.454ns (52.109%)  route 13.284ns (47.891%))
  Logic Levels:           19  (CARRY4=8 DSP48E1=2 FDRE=1 LUT2=5 LUT3=1 LUT6=1 OBUF=1)

    Location             Delay type                Incr(ns)  Path(ns)    Netlist Resource(s)
  -------------------------------------------------------------------    -------------------
    SLICE_X9Y82          FDRE                         0.000     0.000 r  x_offset_reg[11]/C
    SLICE_X9Y82          FDRE (Prop_fdre_C_Q)         0.456     0.456 r  x_offset_reg[11]/Q
                         net (fo=15, routed)          1.959     2.415    x_offset_reg[11]
    SLICE_X12Y78         LUT2 (Prop_lut2_I1_O)        0.124     2.539 r  pixel2__2_i_52/O
                         net (fo=1, routed)           0.000     2.539    pixel2__2_i_52_n_0
    SLICE_X12Y78         CARRY4 (Prop_carry4_S[3]_CO[3])
                                                      0.376     2.915 r  pixel2__2_i_6/CO[3]
                         net (fo=1, routed)           0.000     2.915    pixel2__2_i_6_n_0
    SLICE_X12Y79         CARRY4 (Prop_carry4_CI_O[3])
                                                      0.315     3.230 r  pixel2__2_i_5/O[3]
                         net (fo=4, routed)           1.102     4.331    pixel2__2_i_5_n_4
    DSP48_X0Y32          DSP48E1 (Prop_dsp48e1_A[15]_PCOUT[47])
                                                      4.219     8.550 r  pixel2__3/PCOUT[47]
                         net (fo=1, routed)           0.002     8.552    pixel2__3_n_106
    DSP48_X0Y33          DSP48E1 (Prop_dsp48e1_PCIN[47]_P[0])
                                                      1.518    10.070 r  pixel2__4/P[0]
                         net (fo=2, routed)           1.065    11.135    pixel2__4_n_105
    SLICE_X11Y77         LUT2 (Prop_lut2_I0_O)        0.124    11.259 r  red_OBUF[3]_inst_i_612/O
                         net (fo=1, routed)           0.000    11.259    red_OBUF[3]_inst_i_612_n_0
    SLICE_X11Y77         CARRY4 (Prop_carry4_S[1]_CO[3])
                                                      0.550    11.809 r  red_OBUF[3]_inst_i_515/CO[3]
                         net (fo=1, routed)           0.000    11.809    red_OBUF[3]_inst_i_515_n_0
    SLICE_X11Y78         CARRY4 (Prop_carry4_CI_O[1])
                                                      0.334    12.143 r  red_OBUF[3]_inst_i_425/O[1]
                         net (fo=2, routed)           1.025    13.168    red_OBUF[3]_inst_i_425_n_6
    SLICE_X11Y86         LUT2 (Prop_lut2_I0_O)        0.303    13.471 r  red_OBUF[3]_inst_i_428/O
                         net (fo=1, routed)           0.000    13.471    red_OBUF[3]_inst_i_428_n_0
    SLICE_X11Y86         CARRY4 (Prop_carry4_S[1]_CO[3])
                                                      0.550    14.021 r  red_OBUF[3]_inst_i_280/CO[3]
                         net (fo=1, routed)           0.000    14.021    red_OBUF[3]_inst_i_280_n_0
    SLICE_X11Y87         CARRY4 (Prop_carry4_CI_O[1])
                                                      0.334    14.355 f  red_OBUF[3]_inst_i_165/O[1]
                         net (fo=1, routed)           0.815    15.170    red_OBUF[3]_inst_i_165_n_6
    SLICE_X10Y86         LUT2 (Prop_lut2_I0_O)        0.303    15.473 r  red_OBUF[3]_inst_i_163/O
                         net (fo=1, routed)           0.000    15.473    red_OBUF[3]_inst_i_163_n_0
    SLICE_X10Y86         CARRY4 (Prop_carry4_S[1]_CO[3])
                                                      0.533    16.006 r  red_OBUF[3]_inst_i_78/CO[3]
                         net (fo=1, routed)           0.000    16.006    red_OBUF[3]_inst_i_78_n_0
    SLICE_X10Y87         CARRY4 (Prop_carry4_CI_CO[0])
                                                      0.254    16.260 r  red_OBUF[3]_inst_i_18/CO[0]
                         net (fo=1, routed)           0.665    16.924    red_OBUF[3]_inst_i_18_n_3
    SLICE_X10Y88         LUT3 (Prop_lut3_I1_O)        0.367    17.291 r  red_OBUF[3]_inst_i_6/O
                         net (fo=1, routed)           0.286    17.578    red_OBUF[3]_inst_i_6_n_0
    SLICE_X10Y88         LUT6 (Prop_lut6_I4_O)        0.124    17.702 f  red_OBUF[3]_inst_i_2/O
                         net (fo=3, routed)           1.364    19.066    red_OBUF[3]_inst_i_2_n_0
    SLICE_X14Y101        LUT2 (Prop_lut2_I1_O)        0.124    19.190 r  green_OBUF[3]_inst_i_1/O
                         net (fo=4, routed)           5.003    24.192    green_OBUF[0]
    A6                   OBUF (Prop_obuf_I_O)         3.546    27.739 r  green_OBUF[3]_inst/O
                         net (fo=0)                   0.000    27.739    green[3]
    A6                                                                r  green[3] (OUT)
  -------------------------------------------------------------------    -------------------

Slack:                    inf
  Source:                 x_offset_reg[11]/C
                            (rising edge-triggered cell FDRE)
  Destination:            blue[2]
                            (output port)
  Path Group:             (none)
  Path Type:              Max at Slow Process Corner
  Data Path Delay:        27.737ns  (logic 14.657ns (52.845%)  route 13.079ns (47.155%))
  Logic Levels:           19  (CARRY4=8 DSP48E1=2 FDRE=1 LUT2=5 LUT3=1 LUT6=1 OBUF=1)

    Location             Delay type                Incr(ns)  Path(ns)    Netlist Resource(s)
  -------------------------------------------------------------------    -------------------
    SLICE_X9Y82          FDRE                         0.000     0.000 r  x_offset_reg[11]/C
    SLICE_X9Y82          FDRE (Prop_fdre_C_Q)         0.456     0.456 r  x_offset_reg[11]/Q
                         net (fo=15, routed)          1.959     2.415    x_offset_reg[11]
    SLICE_X12Y78         LUT2 (Prop_lut2_I1_O)        0.124     2.539 r  pixel2__2_i_52/O
                         net (fo=1, routed)           0.000     2.539    pixel2__2_i_52_n_0
    SLICE_X12Y78         CARRY4 (Prop_carry4_S[3]_CO[3])
                                                      0.376     2.915 r  pixel2__2_i_6/CO[3]
                         net (fo=1, routed)           0.000     2.915    pixel2__2_i_6_n_0
    SLICE_X12Y79         CARRY4 (Prop_carry4_CI_O[3])
                                                      0.315     3.230 r  pixel2__2_i_5/O[3]
                         net (fo=4, routed)           1.102     4.331    pixel2__2_i_5_n_4
    DSP48_X0Y32          DSP48E1 (Prop_dsp48e1_A[15]_PCOUT[47])
                                                      4.219     8.550 r  pixel2__3/PCOUT[47]
                         net (fo=1, routed)           0.002     8.552    pixel2__3_n_106
    DSP48_X0Y33          DSP48E1 (Prop_dsp48e1_PCIN[47]_P[0])
                                                      1.518    10.070 r  pixel2__4/P[0]
                         net (fo=2, routed)           1.065    11.135    pixel2__4_n_105
    SLICE_X11Y77         LUT2 (Prop_lut2_I0_O)        0.124    11.259 r  red_OBUF[3]_inst_i_612/O
                         net (fo=1, routed)           0.000    11.259    red_OBUF[3]_inst_i_612_n_0
    SLICE_X11Y77         CARRY4 (Prop_carry4_S[1]_CO[3])
                                                      0.550    11.809 r  red_OBUF[3]_inst_i_515/CO[3]
                         net (fo=1, routed)           0.000    11.809    red_OBUF[3]_inst_i_515_n_0
    SLICE_X11Y78         CARRY4 (Prop_carry4_CI_O[1])
                                                      0.334    12.143 r  red_OBUF[3]_inst_i_425/O[1]
                         net (fo=2, routed)           1.025    13.168    red_OBUF[3]_inst_i_425_n_6
    SLICE_X11Y86         LUT2 (Prop_lut2_I0_O)        0.303    13.471 r  red_OBUF[3]_inst_i_428/O
                         net (fo=1, routed)           0.000    13.471    red_OBUF[3]_inst_i_428_n_0
    SLICE_X11Y86         CARRY4 (Prop_carry4_S[1]_CO[3])
                                                      0.550    14.021 r  red_OBUF[3]_inst_i_280/CO[3]
                         net (fo=1, routed)           0.000    14.021    red_OBUF[3]_inst_i_280_n_0
    SLICE_X11Y87         CARRY4 (Prop_carry4_CI_O[1])
                                                      0.334    14.355 f  red_OBUF[3]_inst_i_165/O[1]
                         net (fo=1, routed)           0.815    15.170    red_OBUF[3]_inst_i_165_n_6
    SLICE_X10Y86         LUT2 (Prop_lut2_I0_O)        0.303    15.473 r  red_OBUF[3]_inst_i_163/O
                         net (fo=1, routed)           0.000    15.473    red_OBUF[3]_inst_i_163_n_0
    SLICE_X10Y86         CARRY4 (Prop_carry4_S[1]_CO[3])
                                                      0.533    16.006 r  red_OBUF[3]_inst_i_78/CO[3]
                         net (fo=1, routed)           0.000    16.006    red_OBUF[3]_inst_i_78_n_0
    SLICE_X10Y87         CARRY4 (Prop_carry4_CI_CO[0])
                                                      0.254    16.260 r  red_OBUF[3]_inst_i_18/CO[0]
                         net (fo=1, routed)           0.665    16.924    red_OBUF[3]_inst_i_18_n_3
    SLICE_X10Y88         LUT3 (Prop_lut3_I1_O)        0.367    17.291 r  red_OBUF[3]_inst_i_6/O
                         net (fo=1, routed)           0.286    17.578    red_OBUF[3]_inst_i_6_n_0
    SLICE_X10Y88         LUT6 (Prop_lut6_I4_O)        0.124    17.702 f  red_OBUF[3]_inst_i_2/O
                         net (fo=3, routed)           1.372    19.074    red_OBUF[3]_inst_i_2_n_0
    SLICE_X14Y101        LUT2 (Prop_lut2_I1_O)        0.146    19.220 r  blue_OBUF[3]_inst_i_1/O
                         net (fo=4, routed)           4.789    24.009    blue_OBUF[0]
    D7                   OBUF (Prop_obuf_I_O)         3.727    27.737 r  blue_OBUF[2]_inst/O
                         net (fo=0)                   0.000    27.737    blue[2]
    D7                                                                r  blue[2] (OUT)
  -------------------------------------------------------------------    -------------------

Slack:                    inf
  Source:                 x_offset_reg[11]/C
                            (rising edge-triggered cell FDRE)
  Destination:            green[1]
                            (output port)
  Path Group:             (none)
  Path Type:              Max at Slow Process Corner
  Data Path Delay:        27.586ns  (logic 14.453ns (52.391%)  route 13.134ns (47.609%))
  Logic Levels:           19  (CARRY4=8 DSP48E1=2 FDRE=1 LUT2=5 LUT3=1 LUT6=1 OBUF=1)

    Location             Delay type                Incr(ns)  Path(ns)    Netlist Resource(s)
  -------------------------------------------------------------------    -------------------
    SLICE_X9Y82          FDRE                         0.000     0.000 r  x_offset_reg[11]/C
    SLICE_X9Y82          FDRE (Prop_fdre_C_Q)         0.456     0.456 r  x_offset_reg[11]/Q
                         net (fo=15, routed)          1.959     2.415    x_offset_reg[11]
    SLICE_X12Y78         LUT2 (Prop_lut2_I1_O)        0.124     2.539 r  pixel2__2_i_52/O
                         net (fo=1, routed)           0.000     2.539    pixel2__2_i_52_n_0
    SLICE_X12Y78         CARRY4 (Prop_carry4_S[3]_CO[3])
                                                      0.376     2.915 r  pixel2__2_i_6/CO[3]
                         net (fo=1, routed)           0.000     2.915    pixel2__2_i_6_n_0
    SLICE_X12Y79         CARRY4 (Prop_carry4_CI_O[3])
                                                      0.315     3.230 r  pixel2__2_i_5/O[3]
                         net (fo=4, routed)           1.102     4.331    pixel2__2_i_5_n_4
    DSP48_X0Y32          DSP48E1 (Prop_dsp48e1_A[15]_PCOUT[47])
                                                      4.219     8.550 r  pixel2__3/PCOUT[47]
                         net (fo=1, routed)           0.002     8.552    pixel2__3_n_106
    DSP48_X0Y33          DSP48E1 (Prop_dsp48e1_PCIN[47]_P[0])
                                                      1.518    10.070 r  pixel2__4/P[0]
                         net (fo=2, routed)           1.065    11.135    pixel2__4_n_105
    SLICE_X11Y77         LUT2 (Prop_lut2_I0_O)        0.124    11.259 r  red_OBUF[3]_inst_i_612/O
                         net (fo=1, routed)           0.000    11.259    red_OBUF[3]_inst_i_612_n_0
    SLICE_X11Y77         CARRY4 (Prop_carry4_S[1]_CO[3])
                                                      0.550    11.809 r  red_OBUF[3]_inst_i_515/CO[3]
                         net (fo=1, routed)           0.000    11.809    red_OBUF[3]_inst_i_515_n_0
    SLICE_X11Y78         CARRY4 (Prop_carry4_CI_O[1])
                                                      0.334    12.143 r  red_OBUF[3]_inst_i_425/O[1]
                         net (fo=2, routed)           1.025    13.168    red_OBUF[3]_inst_i_425_n_6
    SLICE_X11Y86         LUT2 (Prop_lut2_I0_O)        0.303    13.471 r  red_OBUF[3]_inst_i_428/O
                         net (fo=1, routed)           0.000    13.471    red_OBUF[3]_inst_i_428_n_0
    SLICE_X11Y86         CARRY4 (Prop_carry4_S[1]_CO[3])
                                                      0.550    14.021 r  red_OBUF[3]_inst_i_280/CO[3]
                         net (fo=1, routed)           0.000    14.021    red_OBUF[3]_inst_i_280_n_0
    SLICE_X11Y87         CARRY4 (Prop_carry4_CI_O[1])
                                                      0.334    14.355 f  red_OBUF[3]_inst_i_165/O[1]
                         net (fo=1, routed)           0.815    15.170    red_OBUF[3]_inst_i_165_n_6
    SLICE_X10Y86         LUT2 (Prop_lut2_I0_O)        0.303    15.473 r  red_OBUF[3]_inst_i_163/O
                         net (fo=1, routed)           0.000    15.473    red_OBUF[3]_inst_i_163_n_0
    SLICE_X10Y86         CARRY4 (Prop_carry4_S[1]_CO[3])
                                                      0.533    16.006 r  red_OBUF[3]_inst_i_78/CO[3]
                         net (fo=1, routed)           0.000    16.006    red_OBUF[3]_inst_i_78_n_0
    SLICE_X10Y87         CARRY4 (Prop_carry4_CI_CO[0])
                                                      0.254    16.260 r  red_OBUF[3]_inst_i_18/CO[0]
                         net (fo=1, routed)           0.665    16.924    red_OBUF[3]_inst_i_18_n_3
    SLICE_X10Y88         LUT3 (Prop_lut3_I1_O)        0.367    17.291 r  red_OBUF[3]_inst_i_6/O
                         net (fo=1, routed)           0.286    17.578    red_OBUF[3]_inst_i_6_n_0
    SLICE_X10Y88         LUT6 (Prop_lut6_I4_O)        0.124    17.702 f  red_OBUF[3]_inst_i_2/O
                         net (fo=3, routed)           1.364    19.066    red_OBUF[3]_inst_i_2_n_0
    SLICE_X14Y101        LUT2 (Prop_lut2_I1_O)        0.124    19.190 r  green_OBUF[3]_inst_i_1/O
                         net (fo=4, routed)           4.852    24.042    green_OBUF[0]
    A5                   OBUF (Prop_obuf_I_O)         3.545    27.586 r  green_OBUF[1]_inst/O
                         net (fo=0)                   0.000    27.586    green[1]
    A5                                                                r  green[1] (OUT)
  -------------------------------------------------------------------    -------------------

Slack:                    inf
  Source:                 x_offset_reg[11]/C
                            (rising edge-triggered cell FDRE)
  Destination:            red[3]
                            (output port)
  Path Group:             (none)
  Path Type:              Max at Slow Process Corner
  Data Path Delay:        27.500ns  (logic 14.460ns (52.580%)  route 13.041ns (47.420%))
  Logic Levels:           19  (CARRY4=8 DSP48E1=2 FDRE=1 LUT2=4 LUT3=2 LUT6=1 OBUF=1)

    Location             Delay type                Incr(ns)  Path(ns)    Netlist Resource(s)
  -------------------------------------------------------------------    -------------------
    SLICE_X9Y82          FDRE                         0.000     0.000 r  x_offset_reg[11]/C
    SLICE_X9Y82          FDRE (Prop_fdre_C_Q)         0.456     0.456 r  x_offset_reg[11]/Q
                         net (fo=15, routed)          1.959     2.415    x_offset_reg[11]
    SLICE_X12Y78         LUT2 (Prop_lut2_I1_O)        0.124     2.539 r  pixel2__2_i_52/O
                         net (fo=1, routed)           0.000     2.539    pixel2__2_i_52_n_0
    SLICE_X12Y78         CARRY4 (Prop_carry4_S[3]_CO[3])
                                                      0.376     2.915 r  pixel2__2_i_6/CO[3]
                         net (fo=1, routed)           0.000     2.915    pixel2__2_i_6_n_0
    SLICE_X12Y79         CARRY4 (Prop_carry4_CI_O[3])
                                                      0.315     3.230 r  pixel2__2_i_5/O[3]
                         net (fo=4, routed)           1.102     4.331    pixel2__2_i_5_n_4
    DSP48_X0Y32          DSP48E1 (Prop_dsp48e1_A[15]_PCOUT[47])
                                                      4.219     8.550 r  pixel2__3/PCOUT[47]
                         net (fo=1, routed)           0.002     8.552    pixel2__3_n_106
    DSP48_X0Y33          DSP48E1 (Prop_dsp48e1_PCIN[47]_P[0])
                                                      1.518    10.070 r  pixel2__4/P[0]
                         net (fo=2, routed)           1.065    11.135    pixel2__4_n_105
    SLICE_X11Y77         LUT2 (Prop_lut2_I0_O)        0.124    11.259 r  red_OBUF[3]_inst_i_612/O
                         net (fo=1, routed)           0.000    11.259    red_OBUF[3]_inst_i_612_n_0
    SLICE_X11Y77         CARRY4 (Prop_carry4_S[1]_CO[3])
                                                      0.550    11.809 r  red_OBUF[3]_inst_i_515/CO[3]
                         net (fo=1, routed)           0.000    11.809    red_OBUF[3]_inst_i_515_n_0
    SLICE_X11Y78         CARRY4 (Prop_carry4_CI_O[1])
                                                      0.334    12.143 r  red_OBUF[3]_inst_i_425/O[1]
                         net (fo=2, routed)           1.025    13.168    red_OBUF[3]_inst_i_425_n_6
    SLICE_X11Y86         LUT2 (Prop_lut2_I0_O)        0.303    13.471 r  red_OBUF[3]_inst_i_428/O
                         net (fo=1, routed)           0.000    13.471    red_OBUF[3]_inst_i_428_n_0
    SLICE_X11Y86         CARRY4 (Prop_carry4_S[1]_CO[3])
                                                      0.550    14.021 r  red_OBUF[3]_inst_i_280/CO[3]
                         net (fo=1, routed)           0.000    14.021    red_OBUF[3]_inst_i_280_n_0
    SLICE_X11Y87         CARRY4 (Prop_carry4_CI_O[1])
                                                      0.334    14.355 f  red_OBUF[3]_inst_i_165/O[1]
                         net (fo=1, routed)           0.815    15.170    red_OBUF[3]_inst_i_165_n_6
    SLICE_X10Y86         LUT2 (Prop_lut2_I0_O)        0.303    15.473 r  red_OBUF[3]_inst_i_163/O
                         net (fo=1, routed)           0.000    15.473    red_OBUF[3]_inst_i_163_n_0
    SLICE_X10Y86         CARRY4 (Prop_carry4_S[1]_CO[3])
                                                      0.533    16.006 r  red_OBUF[3]_inst_i_78/CO[3]
                         net (fo=1, routed)           0.000    16.006    red_OBUF[3]_inst_i_78_n_0
    SLICE_X10Y87         CARRY4 (Prop_carry4_CI_CO[0])
                                                      0.254    16.260 r  red_OBUF[3]_inst_i_18/CO[0]
                         net (fo=1, routed)           0.665    16.924    red_OBUF[3]_inst_i_18_n_3
    SLICE_X10Y88         LUT3 (Prop_lut3_I1_O)        0.367    17.291 r  red_OBUF[3]_inst_i_6/O
                         net (fo=1, routed)           0.286    17.578    red_OBUF[3]_inst_i_6_n_0
    SLICE_X10Y88         LUT6 (Prop_lut6_I4_O)        0.124    17.702 f  red_OBUF[3]_inst_i_2/O
                         net (fo=3, routed)           1.372    19.074    red_OBUF[3]_inst_i_2_n_0
    SLICE_X14Y101        LUT3 (Prop_lut3_I0_O)        0.124    19.198 r  red_OBUF[3]_inst_i_1/O
                         net (fo=4, routed)           4.751    23.949    red_OBUF[0]
    A4                   OBUF (Prop_obuf_I_O)         3.552    27.500 r  red_OBUF[3]_inst/O
                         net (fo=0)                   0.000    27.500    red[3]
    A4                                                                r  red[3] (OUT)
  -------------------------------------------------------------------    -------------------





Min Delay Paths
--------------------------------------------------------------------------------------
Slack:                    inf
  Source:                 debounce_right/btn_sync_reg[1]/C
                            (rising edge-triggered cell FDRE)
  Destination:            debounce_right/pulse_reg/D
  Path Group:             (none)
  Path Type:              Min at Fast Process Corner
  Data Path Delay:        0.281ns  (logic 0.227ns (80.665%)  route 0.054ns (19.335%))
  Logic Levels:           2  (FDRE=1 LUT2=1)

    Location             Delay type                Incr(ns)  Path(ns)    Netlist Resource(s)
  -------------------------------------------------------------------    -------------------
    SLICE_X11Y90         FDRE                         0.000     0.000 r  debounce_right/btn_sync_reg[1]/C
    SLICE_X11Y90         FDRE (Prop_fdre_C_Q)         0.128     0.128 f  debounce_right/btn_sync_reg[1]/Q
                         net (fo=1, routed)           0.054     0.182    debounce_right/btn_sync[1]
    SLICE_X11Y90         LUT2 (Prop_lut2_I1_O)        0.099     0.281 r  debounce_right/pulse_i_1__0/O
                         net (fo=1, routed)           0.000     0.281    debounce_right/pulse_i_1__0_n_0
    SLICE_X11Y90         FDRE                                         r  debounce_right/pulse_reg/D
  -------------------------------------------------------------------    -------------------

Slack:                    inf
  Source:                 debounce_up/btn_sync_reg[1]/C
                            (rising edge-triggered cell FDRE)
  Destination:            debounce_up/pulse_reg/D
  Path Group:             (none)
  Path Type:              Min at Fast Process Corner
  Data Path Delay:        0.281ns  (logic 0.227ns (80.665%)  route 0.054ns (19.335%))
  Logic Levels:           2  (FDRE=1 LUT2=1)

    Location             Delay type                Incr(ns)  Path(ns)    Netlist Resource(s)
  -------------------------------------------------------------------    -------------------
    SLICE_X3Y90          FDRE                         0.000     0.000 r  debounce_up/btn_sync_reg[1]/C
    SLICE_X3Y90          FDRE (Prop_fdre_C_Q)         0.128     0.128 f  debounce_up/btn_sync_reg[1]/Q
                         net (fo=1, routed)           0.054     0.182    debounce_up/btn_sync[1]
    SLICE_X3Y90          LUT2 (Prop_lut2_I1_O)        0.099     0.281 r  debounce_up/pulse_i_1__1/O
                         net (fo=1, routed)           0.000     0.281    debounce_up/pulse_i_1__1_n_0
    SLICE_X3Y90          FDRE                                         r  debounce_up/pulse_reg/D
  -------------------------------------------------------------------    -------------------

Slack:                    inf
  Source:                 v_count_reg[4]/C
                            (rising edge-triggered cell FDRE)
  Destination:            v_count_reg[5]/D
  Path Group:             (none)
  Path Type:              Min at Fast Process Corner
  Data Path Delay:        0.300ns  (logic 0.186ns (61.916%)  route 0.114ns (38.084%))
  Logic Levels:           2  (FDRE=1 LUT6=1)

    Location             Delay type                Incr(ns)  Path(ns)    Netlist Resource(s)
  -------------------------------------------------------------------    -------------------
    SLICE_X13Y84         FDRE                         0.000     0.000 r  v_count_reg[4]/C
    SLICE_X13Y84         FDRE (Prop_fdre_C_Q)         0.141     0.141 r  v_count_reg[4]/Q
                         net (fo=32, routed)          0.114     0.255    v_count_reg_n_0_[4]
    SLICE_X12Y84         LUT6 (Prop_lut6_I5_O)        0.045     0.300 r  v_count[5]_i_1/O
                         net (fo=1, routed)           0.000     0.300    v_count[5]_i_1_n_0
    SLICE_X12Y84         FDRE                                         r  v_count_reg[5]/D
  -------------------------------------------------------------------    -------------------

Slack:                    inf
  Source:                 debounce_down/btn_sync_reg[1]/C
                            (rising edge-triggered cell FDRE)
  Destination:            debounce_down/pulse_reg/D
  Path Group:             (none)
  Path Type:              Min at Fast Process Corner
  Data Path Delay:        0.305ns  (logic 0.246ns (80.588%)  route 0.059ns (19.412%))
  Logic Levels:           2  (FDRE=1 LUT2=1)

    Location             Delay type                Incr(ns)  Path(ns)    Netlist Resource(s)
  -------------------------------------------------------------------    -------------------
    SLICE_X8Y93          FDRE                         0.000     0.000 r  debounce_down/btn_sync_reg[1]/C
    SLICE_X8Y93          FDRE (Prop_fdre_C_Q)         0.148     0.148 f  debounce_down/btn_sync_reg[1]/Q
                         net (fo=1, routed)           0.059     0.207    debounce_down/btn_sync[1]
    SLICE_X8Y93          LUT2 (Prop_lut2_I1_O)        0.098     0.305 r  debounce_down/pulse_i_1__2/O
                         net (fo=1, routed)           0.000     0.305    debounce_down/pulse_i_1__2_n_0
    SLICE_X8Y93          FDRE                                         r  debounce_down/pulse_reg/D
  -------------------------------------------------------------------    -------------------

Slack:                    inf
  Source:                 debounce_left/btn_sync_reg[1]/C
                            (rising edge-triggered cell FDRE)
  Destination:            debounce_left/pulse_reg/D
  Path Group:             (none)
  Path Type:              Min at Fast Process Corner
  Data Path Delay:        0.305ns  (logic 0.246ns (80.588%)  route 0.059ns (19.412%))
  Logic Levels:           2  (FDRE=1 LUT2=1)

    Location             Delay type                Incr(ns)  Path(ns)    Netlist Resource(s)
  -------------------------------------------------------------------    -------------------
    SLICE_X8Y89          FDRE                         0.000     0.000 r  debounce_left/btn_sync_reg[1]/C
    SLICE_X8Y89          FDRE (Prop_fdre_C_Q)         0.148     0.148 f  debounce_left/btn_sync_reg[1]/Q
                         net (fo=1, routed)           0.059     0.207    debounce_left/btn_sync[1]
    SLICE_X8Y89          LUT2 (Prop_lut2_I1_O)        0.098     0.305 r  debounce_left/pulse_i_1/O
                         net (fo=1, routed)           0.000     0.305    debounce_left/pulse_i_1_n_0
    SLICE_X8Y89          FDRE                                         r  debounce_left/pulse_reg/D
  -------------------------------------------------------------------    -------------------

Slack:                    inf
  Source:                 debounce_reset/pulse_reg/C
                            (rising edge-triggered cell FDRE)
  Destination:            y_offset_reg[17]/R
  Path Group:             (none)
  Path Type:              Min at Fast Process Corner
  Data Path Delay:        0.307ns  (logic 0.164ns (53.370%)  route 0.143ns (46.630%))
  Logic Levels:           1  (FDRE=1)

    Location             Delay type                Incr(ns)  Path(ns)    Netlist Resource(s)
  -------------------------------------------------------------------    -------------------
    SLICE_X8Y93          FDRE                         0.000     0.000 r  debounce_reset/pulse_reg/C
    SLICE_X8Y93          FDRE (Prop_fdre_C_Q)         0.164     0.164 r  debounce_reset/pulse_reg/Q
                         net (fo=62, routed)          0.143     0.307    pulse
    SLICE_X10Y93         FDRE                                         r  y_offset_reg[17]/R
  -------------------------------------------------------------------    -------------------

Slack:                    inf
  Source:                 debounce_reset/pulse_reg/C
                            (rising edge-triggered cell FDRE)
  Destination:            y_offset_reg[18]/R
  Path Group:             (none)
  Path Type:              Min at Fast Process Corner
  Data Path Delay:        0.307ns  (logic 0.164ns (53.370%)  route 0.143ns (46.630%))
  Logic Levels:           1  (FDRE=1)

    Location             Delay type                Incr(ns)  Path(ns)    Netlist Resource(s)
  -------------------------------------------------------------------    -------------------
    SLICE_X8Y93          FDRE                         0.000     0.000 r  debounce_reset/pulse_reg/C
    SLICE_X8Y93          FDRE (Prop_fdre_C_Q)         0.164     0.164 r  debounce_reset/pulse_reg/Q
                         net (fo=62, routed)          0.143     0.307    pulse
    SLICE_X10Y93         FDRE                                         r  y_offset_reg[18]/R
  -------------------------------------------------------------------    -------------------

Slack:                    inf
  Source:                 debounce_reset/pulse_reg/C
                            (rising edge-triggered cell FDRE)
  Destination:            y_offset_reg[19]/R
  Path Group:             (none)
  Path Type:              Min at Fast Process Corner
  Data Path Delay:        0.307ns  (logic 0.164ns (53.370%)  route 0.143ns (46.630%))
  Logic Levels:           1  (FDRE=1)

    Location             Delay type                Incr(ns)  Path(ns)    Netlist Resource(s)
  -------------------------------------------------------------------    -------------------
    SLICE_X8Y93          FDRE                         0.000     0.000 r  debounce_reset/pulse_reg/C
    SLICE_X8Y93          FDRE (Prop_fdre_C_Q)         0.164     0.164 r  debounce_reset/pulse_reg/Q
                         net (fo=62, routed)          0.143     0.307    pulse
    SLICE_X10Y93         FDRE                                         r  y_offset_reg[19]/R
  -------------------------------------------------------------------    -------------------

Slack:                    inf
  Source:                 debounce_reset/pulse_reg/C
                            (rising edge-triggered cell FDRE)
  Destination:            y_offset_reg[20]/R
  Path Group:             (none)
  Path Type:              Min at Fast Process Corner
  Data Path Delay:        0.307ns  (logic 0.164ns (53.370%)  route 0.143ns (46.630%))
  Logic Levels:           1  (FDRE=1)

    Location             Delay type                Incr(ns)  Path(ns)    Netlist Resource(s)
  -------------------------------------------------------------------    -------------------
    SLICE_X8Y93          FDRE                         0.000     0.000 r  debounce_reset/pulse_reg/C
    SLICE_X8Y93          FDRE (Prop_fdre_C_Q)         0.164     0.164 r  debounce_reset/pulse_reg/Q
                         net (fo=62, routed)          0.143     0.307    pulse
    SLICE_X10Y93         FDRE                                         r  y_offset_reg[20]/R
  -------------------------------------------------------------------    -------------------

Slack:                    inf
  Source:                 debounce_down/btn_sync_reg[0]/C
                            (rising edge-triggered cell FDRE)
  Destination:            debounce_down/btn_sync_reg[1]/D
  Path Group:             (none)
  Path Type:              Min at Fast Process Corner
  Data Path Delay:        0.345ns  (logic 0.164ns (47.512%)  route 0.181ns (52.488%))
  Logic Levels:           1  (FDRE=1)

    Location             Delay type                Incr(ns)  Path(ns)    Netlist Resource(s)
  -------------------------------------------------------------------    -------------------
    SLICE_X8Y90          FDRE                         0.000     0.000 r  debounce_down/btn_sync_reg[0]/C
    SLICE_X8Y90          FDRE (Prop_fdre_C_Q)         0.164     0.164 r  debounce_down/btn_sync_reg[0]/Q
                         net (fo=2, routed)           0.181     0.345    debounce_down/btn_sync[0]
    SLICE_X8Y93          FDRE                                         r  debounce_down/btn_sync_reg[1]/D
  -------------------------------------------------------------------    -------------------





